Apr 27 12:10:02 centos8 rsyslogd[1366]: [origin software="rsyslogd" swVersion="8.37.0-13.el8" x-pid="1366" x-info="http://www.rsyslog.com"] rsyslogd was HUPed
Apr 27 12:18:46 centos8 su[1779]: (to root) kartowka on pts/0
Apr 27 12:20:34 centos8 systemd-logind[935]: Session 3 logged out. Waiting for processes to exit.
Apr 27 12:20:34 centos8 systemd-logind[935]: Removed session 3.
Apr 27 13:00:32 centos8 systemd[1]: Starting dnf makecache...
Apr 27 14:01:02 centos8 dnf[2092]: Metadata cache refreshed recently.
Apr 27 14:01:02 centos8 systemd[1]: Started dnf makecache.
Apr 27 15:01:16 centos8 dnf[2367]: CentOS-8 - AppStream                            5.5 kB/s | 4.3 kB     00:00
Apr 27 15:01:18 centos8 dnf[2367]: CentOS-8 - Extras                               2.1 kB/s | 1.5 kB     00:00
Apr 27 15:01:22 centos8 dnf[2367]: Metadata cache created.
Apr 27 15:01:22 centos8 systemd[1]: Started dnf makecache.
Apr 27 17:02:26 centos8 dnf[2648]: Metadata cache refreshed recently.
Apr 27 17:02:26 centos8 systemd[1]: Started dnf makecache.
Apr 27 18:03:14 centos8 dnf[2795]: CentOS-8 - AppStream                            6.8 kB/s | 4.3 kB     00:00
Apr 27 18:03:16 centos8 dnf[2795]: Metadata cache created.
Apr 27 18:03:16 centos8 systemd[1]: Started dnf makecache.
Apr 27 21:06:14 centos8 dnf[3013]: CentOS-8 - AppStream                            5.5 kB/s | 4.3 kB     00:00
Apr 27 21:06:16 centos8 dnf[3013]: CentOS-8 - Extras                               2.0 kB/s | 1.5 kB     00:00
Apr 27 23:03:04 centos8 su[3649]: (to kartowka) kartowka on pts/1
Apr 27 23:07:48 centos8 dnf[3707]: Metadata cache refreshed recently.
Apr 27 23:07:48 centos8 systemd[1]: Started dnf makecache.
Apr 28 00:08:14 centos8 dnf[4525]: CentOS-8 - AppStream                            3.7 kB/s | 4.3 kB     00:01
Apr 28 00:08:16 centos8 dnf[4525]: CentOS-8 - AppStream                            4.6 MB/s | 7.0 MB     00:01
Apr 28 00:08:24 centos8 dnf[4525]: Metadata cache created.
Apr 28 00:08:24 centos8 systemd[1]: Started dnf makecache.
Apr 28 01:09:14 centos8 dnf[4801]: Metadata cache refreshed recently.
Apr 28 01:09:14 centos8 systemd[1]: Started dnf makecache.
Apr 28 01:43:44 centos8 systemd-logind[935]: Session 6 logged out. Waiting for processes to exit.
Apr 28 01:43:44 centos8 systemd-logind[935]: Removed session 6.
Apr 28 01:43:48 centos8 systemd[1]: Started Session 7 of user kartowka.
Apr 28 01:43:48 centos8 systemd-logind[935]: New session 7 of user kartowka.
Apr 28 01:44:24 centos8 su[4926]: (to kartowka) kartowka on pts/0
Apr 28 01:44:32 centos8 su[4952]: (to root) kartowka on pts/0
Apr 28 01:44:36 centos8 su[4977]: (to kartowka) kartowka on pts/0
Apr 28 01:44:40 centos8 su[5003]: (to root) kartowka on pts/0
Apr 28 01:50:56 centos8 su[5108]: (to kartowka) kartowka on pts/0
Apr 28 01:51:52 centos8 systemd-logind[935]: Session 1 logged out. Waiting for processes to exit.
Apr 28 01:51:52 centos8 systemd-logind[935]: Removed session 1.
Apr 28 01:51:52 centos8 systemd[1]: user-runtime-dir@1000.service: Unit not needed anymore. Stopping.
Apr 28 01:51:52 centos8 systemd[1]: Stopping User Manager for UID 1000...
Apr 28 01:51:52 centos8 systemd[1658]: Stopped target Default.
Apr 28 01:51:52 centos8 systemd[1658]: Stopped target Basic System.
Apr 28 01:51:52 centos8 systemd[1658]: Stopped target Sockets.
Apr 28 01:51:52 centos8 systemd[1658]: Closed D-Bus User Message Bus Socket.
Apr 28 01:51:52 centos8 systemd[1658]: Stopped target Timers.
Apr 28 01:51:52 centos8 systemd[1658]: Stopped target Paths.
Apr 28 01:51:52 centos8 systemd[1658]: Stopped Mark boot as successful after the user session has run 2 minutes.
Apr 28 01:51:52 centos8 systemd[1658]: Reached target Shutdown.
Apr 28 01:51:52 centos8 systemd[1658]: Starting Exit the Session...
Apr 28 01:51:52 centos8 systemd[1]: user@1000.service: Killing process 5188 (systemctl) with signal SIGKILL.
Apr 28 01:51:52 centos8 systemd[1]: user-runtime-dir@1000.service: Unit not needed anymore. Stopping.
Apr 28 01:51:52 centos8 systemd[1]: Stopped User Manager for UID 1000.
Apr 28 01:51:52 centos8 systemd[1]: user-runtime-dir@1000.service: Unit not needed anymore. Stopping.
Apr 28 01:51:52 centos8 systemd[1]: Removed slice User Slice of UID 1000.
Apr 28 01:51:52 centos8 systemd[1]: Stopping /run/user/1000 mount wrapper...
Apr 28 01:51:52 centos8 systemd[1]: Stopped /run/user/1000 mount wrapper.
Apr 28 01:52:08 centos8 systemd[1]: Started /run/user/1000 mount wrapper.
Apr 28 01:52:08 centos8 systemd[1]: Created slice User Slice of UID 1000.
Apr 28 01:52:08 centos8 systemd[1]: Starting User Manager for UID 1000...
Apr 28 01:52:08 centos8 systemd[1]: Started Session 9 of user kartowka.
Apr 28 01:52:08 centos8 systemd-logind[935]: New session 9 of user kartowka.
Apr 28 01:52:08 centos8 systemd[5211]: Started Mark boot as successful after the user session has run 2 minutes.
Apr 28 01:52:08 centos8 systemd[5211]: Reached target Timers.
Apr 28 01:52:08 centos8 systemd[5211]: Starting D-Bus User Message Bus Socket.
Apr 28 01:52:08 centos8 systemd[5211]: Reached target Paths.
Apr 28 18:40:38 centos8 kernel: Command line: BOOT_IMAGE=(hd0,msdos1)/vmlinuz-4.18.0-147.8.1.el8_1.x86_64 root=/dev/mapper/cl_centos8-root ro crashkernel=auto resume=/dev/mapper/cl_centos8-swap rd.lvm.lv=cl_centos8/root rd.lvm.lv=cl_centos8/swap rhgb quiet
Apr 28 18:40:38 centos8 kernel: x86/fpu: Supporting XSAVE feature 0x001: 'x87 floating point registers'
Apr 28 18:40:38 centos8 kernel: x86/fpu: Supporting XSAVE feature 0x002: 'SSE registers'
Apr 28 18:40:38 centos8 kernel: x86/fpu: Supporting XSAVE feature 0x004: 'AVX registers'
Apr 28 18:40:38 centos8 kernel: x86/fpu: xstate_offset[2]:  576, xstate_sizes[2]:  256
Apr 28 18:40:38 centos8 kernel: x86/fpu: Enabled xstate features 0x7, context size is 832 bytes, using 'standard' format.
Apr 28 18:40:38 centos8 kernel: BIOS-provided physical RAM map:
Apr 28 18:40:38 centos8 kernel: BIOS-e820: [mem 0x0000000000000000-0x000000000009fbff] usable
Apr 28 18:40:38 centos8 kernel: BIOS-e820: [mem 0x000000000009fc00-0x000000000009ffff] reserved
Apr 28 18:40:38 centos8 kernel: BIOS-e820: [mem 0x00000000000f0000-0x00000000000fffff] reserved
Apr 28 18:40:38 centos8 kernel: BIOS-e820: [mem 0x0000000000100000-0x000000007e7effff] usable
Apr 28 18:40:38 centos8 kernel: BIOS-e820: [mem 0x000000007e7f0000-0x000000007e7fffff] ACPI data
Apr 28 18:40:38 centos8 kernel: BIOS-e820: [mem 0x00000000fec00000-0x00000000fec00fff] reserved
Apr 28 18:40:38 centos8 kernel: BIOS-e820: [mem 0x00000000fee00000-0x00000000fee00fff] reserved
Apr 28 18:40:38 centos8 kernel: BIOS-e820: [mem 0x00000000fffc0000-0x00000000ffffffff] reserved
Apr 28 18:40:38 centos8 kernel: NX (Execute Disable) protection: active
Apr 28 18:40:38 centos8 kernel: SMBIOS 2.5 present.
Apr 28 18:40:38 centos8 kernel: DMI: innotek GmbH VirtualBox/VirtualBox, BIOS VirtualBox 12/01/2006
Apr 28 18:40:38 centos8 kernel: Hypervisor detected: KVM
Apr 28 18:40:38 centos8 kernel: kvm-clock: Using msrs 4b564d01 and 4b564d00
Apr 28 18:40:38 centos8 kernel: kvm-clock: cpu 0, msr 4c401001, primary cpu clock
Apr 28 18:40:38 centos8 kernel: kvm-clock: using sched offset of 9761817460 cycles
Apr 28 18:40:38 centos8 kernel: clocksource: kvm-clock: mask: 0xffffffffffffffff max_cycles: 0x1cd42e4dffb, max_idle_ns: 881590591483 ns
Apr 28 18:40:38 centos8 kernel: last_pfn = 0x7e7f0 max_arch_pfn = 0x400000000
Apr 28 18:40:38 centos8 kernel: Disabled
Apr 28 18:40:38 centos8 kernel: x86/PAT: MTRRs disabled, skipping PAT initialization too.
Apr 28 18:40:38 centos8 kernel: CPU MTRRs all blank - virtualized system.
Apr 28 18:40:38 centos8 kernel: x86/PAT: Configuration [0-7]: WB  WT  UC- UC  WB  WT  UC- UC  
Apr 28 18:40:38 centos8 kernel: found SMP MP-table at [mem 0x0009fff0-0x0009ffff] mapped at [(____ptrval____)]
Apr 28 18:40:38 centos8 kernel: RAMDISK: [mem 0x3481a000-0x36404fff]
Apr 28 18:40:38 centos8 kernel: ACPI: Early table checksum verification disabled
Apr 28 18:40:38 centos8 kernel: ACPI: RSDP 0x00000000000E0000 000024 (v02 VBOX  )
Apr 28 18:40:38 centos8 kernel: ACPI: XSDT 0x000000007E7F0030 00003C (v01 VBOX   VBOXXSDT 00000001 ASL  00000061)
Apr 28 18:40:38 centos8 kernel: ACPI: FACP 0x000000007E7F00F0 0000F4 (v04 VBOX   VBOXFACP 00000001 ASL  00000061)
Apr 28 18:40:38 centos8 kernel: ACPI: DSDT 0x000000007E7F0470 002325 (v02 VBOX   VBOXBIOS 00000002 INTL 20100528)
Apr 28 18:40:38 centos8 kernel: ACPI: FACS 0x000000007E7F0200 000040
Apr 28 18:40:38 centos8 kernel: ACPI: FACS 0x000000007E7F0200 000040
Apr 28 18:40:38 centos8 kernel: ACPI: APIC 0x000000007E7F0240 000054 (v02 VBOX   VBOXAPIC 00000001 ASL  00000061)
Apr 28 18:40:38 centos8 kernel: ACPI: SSDT 0x000000007E7F02A0 0001CC (v01 VBOX   VBOXCPUT 00000002 INTL 20100528)
Apr 28 18:40:38 centos8 kernel: No NUMA configuration found
Apr 28 18:40:38 centos8 kernel: Faking a node at [mem 0x0000000000000000-0x000000007e7effff]
Apr 28 18:40:38 centos8 kernel: NODE_DATA(0) allocated [mem 0x7e7c6000-0x7e7effff]
Apr 28 18:40:38 centos8 kernel: Using crashkernel=auto, the size chosen is a best effort estimation.
Apr 28 18:40:38 centos8 kernel: Reserving 160MB of memory at 1856MB for crashkernel (System RAM: 2023MB)
Apr 28 18:40:38 centos8 kernel: Zone ranges:
Apr 28 18:40:38 centos8 kernel:  DMA      [mem 0x0000000000001000-0x0000000000ffffff]
Apr 28 18:40:38 centos8 kernel:  DMA32    [mem 0x0000000001000000-0x000000007e7effff]
Apr 28 18:40:38 centos8 kernel:  Normal   empty
Apr 28 18:40:38 centos8 kernel:  Device   empty
Apr 28 18:40:38 centos8 kernel: Movable zone start for each node
Apr 28 18:40:38 centos8 kernel: Early memory node ranges
Apr 28 18:40:38 centos8 kernel:  node   0: [mem 0x0000000000001000-0x000000000009efff]
Apr 28 18:40:38 centos8 kernel:  node   0: [mem 0x0000000000100000-0x000000007e7effff]
Apr 28 18:40:38 centos8 kernel: Zeroed struct page in unavailable ranges: 98 pages
Apr 28 18:40:38 centos8 kernel: Initmem setup node 0 [mem 0x0000000000001000-0x000000007e7effff]
Apr 28 18:40:38 centos8 kernel: ACPI: PM-Timer IO Port: 0x4008
Apr 28 18:40:38 centos8 kernel: IOAPIC[0]: apic_id 1, version 32, address 0xfec00000, GSI 0-23
Apr 28 18:40:38 centos8 kernel: ACPI: INT_SRC_OVR (bus 0 bus_irq 0 global_irq 2 dfl dfl)
Apr 28 18:40:38 centos8 kernel: ACPI: INT_SRC_OVR (bus 0 bus_irq 9 global_irq 9 low level)
Apr 28 18:40:38 centos8 kernel: Using ACPI (MADT) for SMP configuration information
Apr 28 18:40:38 centos8 kernel: smpboot: Allowing 1 CPUs, 0 hotplug CPUs
Apr 28 18:40:38 centos8 kernel: PM: Registered nosave memory: [mem 0x00000000-0x00000fff]
Apr 28 18:40:38 centos8 kernel: PM: Registered nosave memory: [mem 0x0009f000-0x0009ffff]
Apr 28 18:40:38 centos8 kernel: PM: Registered nosave memory: [mem 0x000a0000-0x000effff]
Apr 28 18:40:38 centos8 kernel: PM: Registered nosave memory: [mem 0x000f0000-0x000fffff]
Apr 28 18:40:38 centos8 kernel: [mem 0x7e800000-0xfebfffff] available for PCI devices
Apr 28 18:40:38 centos8 kernel: Booting paravirtualized kernel on KVM
Apr 28 18:40:38 centos8 kernel: clocksource: refined-jiffies: mask: 0xffffffff max_cycles: 0xffffffff, max_idle_ns: 1910969940391419 ns
Apr 28 18:40:38 centos8 kernel: setup_percpu: NR_CPUS:8192 nr_cpumask_bits:1 nr_cpu_ids:1 nr_node_ids:1
Apr 28 18:40:38 centos8 kernel: percpu: Embedded 47 pages/cpu s155648 r8192 d28672 u2097152
Apr 28 18:40:38 centos8 kernel: Built 1 zonelists, mobility grouping on.  Total pages: 509913
Apr 28 18:40:38 centos8 kernel: Policy zone: DMA32
Apr 28 18:40:38 centos8 kernel: Kernel command line: BOOT_IMAGE=(hd0,msdos1)/vmlinuz-4.18.0-147.8.1.el8_1.x86_64 root=/dev/mapper/cl_centos8-root ro crashkernel=auto resume=/dev/mapper/cl_centos8-swap rd.lvm.lv=cl_centos8/root rd.lvm.lv=cl_centos8/swap rhgb quiet
Apr 28 18:40:38 centos8 kernel: Specific versions of hardware are certified with Red Hat Enterprise Linux 8. Please see the list of hardware certified with Red Hat Enterprise Linux 8 at https://access.redhat.com/ecosystem.
Apr 28 18:40:38 centos8 kernel: Memory: 261668K/2072120K available (12292K kernel code, 2118K rwdata, 3780K rodata, 2368K init, 6348K bss, 258508K reserved, 0K cma-reserved)
Apr 28 18:40:38 centos8 kernel: SLUB: HWalign=64, Order=0-3, MinObjects=0, CPUs=1, Nodes=1
Apr 28 18:40:38 centos8 kernel: Kernel/User page tables isolation: enabled
Apr 28 18:40:38 centos8 kernel: ftrace: allocating 35731 entries in 140 pages
Apr 28 18:40:38 centos8 kernel: rcu: Hierarchical RCU implementation.
Apr 28 18:40:38 centos8 kernel: rcu: #011RCU restricting CPUs from NR_CPUS=8192 to nr_cpu_ids=1.
Apr 28 18:40:38 centos8 kernel: rcu: RCU calculated value of scheduler-enlistment delay is 100 jiffies.
Apr 28 18:40:38 centos8 kernel: rcu: Adjusting geometry for rcu_fanout_leaf=16, nr_cpu_ids=1
Apr 28 18:40:38 centos8 kernel: NR_IRQS: 524544, nr_irqs: 256, preallocated irqs: 16
Apr 28 18:40:38 centos8 kernel: random: get_random_bytes called from start_kernel+0x36b/0x55b with crng_init=0
Apr 28 18:40:38 centos8 kernel: Console: colour VGA+ 80x25
Apr 28 18:40:38 centos8 kernel: console [tty0] enabled
Apr 28 18:40:38 centos8 kernel: ACPI: Core revision 20180531
Apr 28 18:40:38 centos8 kernel: APIC: Switch to symmetric I/O mode setup
Apr 28 18:40:38 centos8 kernel: x2apic enabled
Apr 28 18:40:38 centos8 kernel: Switched APIC routing to physical x2apic.
Apr 28 18:40:38 centos8 kernel: ..TIMER: vector=0x30 apic1=0 pin1=2 apic2=-1 pin2=-1
Apr 28 18:40:38 centos8 kernel: tsc: Detected 3497.978 MHz processor
Apr 28 18:40:38 centos8 kernel: clocksource: tsc-early: mask: 0xffffffffffffffff max_cycles: 0x326bdb28b40, max_idle_ns: 440795334228 ns
Apr 28 18:40:38 centos8 kernel: Calibrating delay loop (skipped) preset value.. 6995.95 BogoMIPS (lpj=3497978)
Apr 28 18:40:38 centos8 kernel: pid_max: default: 32768 minimum: 301
Apr 28 18:40:38 centos8 kernel: Security Framework initialized
Apr 28 18:40:38 centos8 kernel: Yama: becoming mindful.
Apr 28 18:40:38 centos8 kernel: SELinux:  Initializing.
Apr 28 18:40:38 centos8 kernel: Dentry cache hash table entries: 262144 (order: 9, 2097152 bytes)
Apr 28 18:40:38 centos8 kernel: Inode-cache hash table entries: 131072 (order: 8, 1048576 bytes)
Apr 28 18:40:38 centos8 kernel: Mount-cache hash table entries: 4096 (order: 3, 32768 bytes)
Apr 28 18:40:38 centos8 kernel: Mountpoint-cache hash table entries: 4096 (order: 3, 32768 bytes)
Apr 28 18:40:38 centos8 kernel: process: using mwait in idle threads
Apr 28 18:40:38 centos8 kernel: Last level iTLB entries: 4KB 1024, 2MB 1024, 4MB 1024
Apr 28 18:40:38 centos8 kernel: Last level dTLB entries: 4KB 1024, 2MB 1024, 4MB 1024, 1GB 4
Apr 28 18:40:38 centos8 kernel: FEATURE SPEC_CTRL Not Present
Apr 28 18:40:38 centos8 kernel: FEATURE IBPB_SUPPORT Not Present
Apr 28 18:40:38 centos8 kernel: Spectre V1 : Mitigation: usercopy/swapgs barriers and __user pointer sanitization
Apr 28 18:40:38 centos8 kernel: Spectre V2 : Mitigation: Full generic retpoline
Apr 28 18:40:38 centos8 kernel: Spectre V2 : Spectre v2 / SpectreRSB mitigation: Filling RSB on context switch
Apr 28 18:40:38 centos8 kernel: Speculative Store Bypass: Vulnerable
Apr 28 18:40:38 centos8 kernel: MDS: Vulnerable: Clear CPU buffers attempted, no microcode
Apr 28 18:40:38 centos8 kernel: Freeing SMP alternatives memory: 32K
Apr 28 18:40:38 centos8 kernel: smpboot: CPU0: Intel(R) Core(TM) i5-4690K CPU @ 3.50GHz (family: 0x6, model: 0x3c, stepping: 0x3)
Apr 28 18:40:38 centos8 kernel: Performance Events: unsupported p6 CPU model 60 no PMU driver, software events only.
Apr 28 18:40:38 centos8 kernel: rcu: Hierarchical SRCU implementation.
Apr 28 18:40:38 centos8 kernel: NMI watchdog: Perf event create on CPU 0 failed with -2
Apr 28 18:40:38 centos8 kernel: NMI watchdog: Perf NMI watchdog permanently disabled
Apr 28 18:40:38 centos8 kernel: smp: Bringing up secondary CPUs ...
Apr 28 18:40:38 centos8 kernel: smp: Brought up 1 node, 1 CPU
Apr 28 18:40:38 centos8 kernel: smpboot: Max logical packages: 1
Apr 28 18:40:38 centos8 kernel: smpboot: Total of 1 processors activated (6995.95 BogoMIPS)
Apr 28 18:40:38 centos8 kernel: node 0 initialised, 387986 pages in 1ms
Apr 28 18:40:38 centos8 kernel: devtmpfs: initialized
Apr 28 18:40:38 centos8 kernel: x86/mm: Memory block size: 128MB
Apr 28 18:40:38 centos8 kernel: clocksource: jiffies: mask: 0xffffffff max_cycles: 0xffffffff, max_idle_ns: 1911260446275000 ns
Apr 28 18:40:38 centos8 kernel: futex hash table entries: 256 (order: 2, 16384 bytes)
Apr 28 18:40:38 centos8 kernel: pinctrl core: initialized pinctrl subsystem
Apr 28 18:40:38 centos8 kernel: NET: Registered protocol family 16
Apr 28 18:40:38 centos8 kernel: audit: initializing netlink subsys (disabled)
Apr 28 18:40:38 centos8 kernel: cpuidle: using governor menu
Apr 28 18:40:38 centos8 kernel: ACPI: bus type PCI registered
Apr 28 18:40:38 centos8 kernel: acpiphp: ACPI Hot Plug PCI Controller Driver version: 0.5
Apr 28 18:40:38 centos8 kernel: PCI: Using configuration type 1 for base access
Apr 28 18:40:38 centos8 kernel: audit: type=2000 audit(1588088447.215:1): state=initialized audit_enabled=0 res=1
Apr 28 18:40:38 centos8 kernel: HugeTLB registered 2.00 MiB page size, pre-allocated 0 pages
Apr 28 18:40:38 centos8 kernel: cryptd: max_cpu_qlen set to 1000
Apr 28 18:40:38 centos8 kernel: ACPI: Added _OSI(Module Device)
Apr 28 18:40:38 centos8 kernel: ACPI: Added _OSI(Processor Device)
Apr 28 18:40:38 centos8 kernel: ACPI: Added _OSI(3.0 _SCP Extensions)
Apr 28 18:40:38 centos8 kernel: ACPI: Added _OSI(Processor Aggregator Device)
Apr 28 18:40:38 centos8 kernel: ACPI: Added _OSI(Linux-Dell-Video)
Apr 28 18:40:38 centos8 kernel: ACPI: 2 ACPI AML tables successfully acquired and loaded
Apr 28 18:40:38 centos8 kernel: ACPI: Interpreter enabled
Apr 28 18:40:38 centos8 kernel: ACPI: (supports S0 S5)
Apr 28 18:40:38 centos8 kernel: ACPI: Using IOAPIC for interrupt routing
Apr 28 18:40:38 centos8 kernel: PCI: Using host bridge windows from ACPI; if necessary, use "pci=nocrs" and report a bug
Apr 28 18:40:38 centos8 kernel: ACPI: Enabled 2 GPEs in block 00 to 07
Apr 28 18:40:38 centos8 kernel: ACPI: PCI Root Bridge [PCI0] (domain 0000 [bus 00-ff])
Apr 28 18:40:38 centos8 kernel: acpi PNP0A03:00: _OSC: OS supports [ASPM ClockPM Segments MSI]
Apr 28 18:40:38 centos8 kernel: acpi PNP0A03:00: _OSC: not requesting OS control; OS requires [ExtendedConfig ASPM ClockPM MSI]
Apr 28 18:40:38 centos8 kernel: acpi PNP0A03:00: fail to add MMCONFIG information, can't access extended PCI configuration space under this bridge.
Apr 28 18:40:38 centos8 kernel: PCI host bridge to bus 0000:00
Apr 28 18:40:38 centos8 kernel: pci_bus 0000:00: root bus resource [io  0x0000-0x0cf7 window]
Apr 28 18:40:38 centos8 kernel: pci_bus 0000:00: root bus resource [io  0x0d00-0xffff window]
Apr 28 18:40:38 centos8 kernel: pci_bus 0000:00: root bus resource [mem 0x000a0000-0x000bffff window]
Apr 28 18:40:38 centos8 kernel: pci_bus 0000:00: root bus resource [mem 0x7e800000-0xfdffffff window]
Apr 28 18:40:38 centos8 kernel: pci_bus 0000:00: root bus resource [bus 00-ff]
Apr 28 18:40:38 centos8 kernel: pci 0000:00:01.1: legacy IDE quirk: reg 0x10: [io  0x01f0-0x01f7]
Apr 28 18:40:38 centos8 kernel: pci 0000:00:01.1: legacy IDE quirk: reg 0x14: [io  0x03f6]
Apr 28 18:40:38 centos8 kernel: pci 0000:00:01.1: legacy IDE quirk: reg 0x18: [io  0x0170-0x0177]
Apr 28 18:40:38 centos8 kernel: pci 0000:00:01.1: legacy IDE quirk: reg 0x1c: [io  0x0376]
Apr 28 18:40:38 centos8 kernel: pci 0000:00:07.0: quirk: [io  0x4000-0x403f] claimed by PIIX4 ACPI
Apr 28 18:40:38 centos8 kernel: pci 0000:00:07.0: quirk: [io  0x4100-0x410f] claimed by PIIX4 SMB
Apr 28 18:40:38 centos8 kernel: ACPI: PCI Interrupt Link [LNKA] (IRQs 5 9 10 *11)
Apr 28 18:40:38 centos8 kernel: ACPI: PCI Interrupt Link [LNKB] (IRQs 5 9 *10 11)
Apr 28 18:40:38 centos8 kernel: ACPI: PCI Interrupt Link [LNKC] (IRQs 5 *9 10 11)
Apr 28 18:40:38 centos8 kernel: ACPI: PCI Interrupt Link [LNKD] (IRQs 5 9 10 *11)
Apr 28 18:40:38 centos8 kernel: pci 0000:00:02.0: vgaarb: setting as boot VGA device
Apr 28 18:40:38 centos8 kernel: pci 0000:00:02.0: vgaarb: VGA device added: decodes=io+mem,owns=io+mem,locks=none
Apr 28 18:40:38 centos8 kernel: pci 0000:00:02.0: vgaarb: bridge control possible
Apr 28 18:40:38 centos8 kernel: vgaarb: loaded
Apr 28 18:40:38 centos8 kernel: SCSI subsystem initialized
Apr 28 18:40:38 centos8 kernel: ACPI: bus type USB registered
Apr 28 18:40:38 centos8 kernel: usbcore: registered new interface driver usbfs
Apr 28 18:40:38 centos8 kernel: usbcore: registered new interface driver hub
Apr 28 18:40:38 centos8 kernel: usbcore: registered new device driver usb
Apr 28 18:40:38 centos8 kernel: pps_core: LinuxPPS API ver. 1 registered
Apr 28 18:40:38 centos8 kernel: pps_core: Software ver. 5.3.6 - Copyright 2005-2007 Rodolfo Giometti <giometti@linux.it>
Apr 28 18:40:38 centos8 kernel: PTP clock support registered
Apr 28 18:40:38 centos8 kernel: EDAC MC: Ver: 3.0.0
Apr 28 18:40:38 centos8 kernel: PCI: Using ACPI for IRQ routing
Apr 28 18:40:38 centos8 kernel: NetLabel: Initializing
Apr 28 18:40:38 centos8 kernel: NetLabel:  domain hash size = 128
Apr 28 18:40:38 centos8 kernel: NetLabel:  protocols = UNLABELED CIPSOv4 CALIPSO
Apr 28 18:40:38 centos8 kernel: NetLabel:  unlabeled traffic allowed by default
Apr 28 18:40:38 centos8 kernel: clocksource: Switched to clocksource kvm-clock
Apr 28 18:40:38 centos8 kernel: VFS: Disk quotas dquot_6.6.0
Apr 28 18:40:38 centos8 kernel: VFS: Dquot-cache hash table entries: 512 (order 0, 4096 bytes)
Apr 28 18:40:38 centos8 kernel: pnp: PnP ACPI init
Apr 28 18:40:38 centos8 kernel: pnp: PnP ACPI: found 2 devices
Apr 28 18:40:38 centos8 kernel: clocksource: acpi_pm: mask: 0xffffff max_cycles: 0xffffff, max_idle_ns: 2085701024 ns
Apr 28 18:40:38 centos8 kernel: NET: Registered protocol family 2
Apr 28 18:40:38 centos8 kernel: tcp_listen_portaddr_hash hash table entries: 1024 (order: 2, 16384 bytes)
Apr 28 18:40:38 centos8 kernel: TCP established hash table entries: 16384 (order: 5, 131072 bytes)
Apr 28 18:40:38 centos8 kernel: TCP bind hash table entries: 16384 (order: 6, 262144 bytes)
Apr 28 18:40:38 centos8 kernel: TCP: Hash tables configured (established 16384 bind 16384)
Apr 28 18:40:38 centos8 kernel: UDP hash table entries: 1024 (order: 3, 32768 bytes)
Apr 28 18:40:38 centos8 kernel: UDP-Lite hash table entries: 1024 (order: 3, 32768 bytes)
Apr 28 18:40:38 centos8 kernel: NET: Registered protocol family 1
Apr 28 18:40:38 centos8 kernel: NET: Registered protocol family 44
Apr 28 18:40:38 centos8 kernel: pci 0000:00:00.0: Limiting direct PCI/PCI transfers
Apr 28 18:40:38 centos8 kernel: pci 0000:00:01.0: Activating ISA DMA hang workarounds
Apr 28 18:40:38 centos8 kernel: pci 0000:00:02.0: Video device with shadowed ROM at [mem 0x000c0000-0x000dffff]
Apr 28 18:40:38 centos8 kernel: Unpacking initramfs...
Apr 28 18:40:38 centos8 kernel: Freeing initrd memory: 28588K
Apr 28 18:40:38 centos8 kernel: clocksource: tsc: mask: 0xffffffffffffffff max_cycles: 0x326bdb28b40, max_idle_ns: 440795334228 ns
Apr 28 18:40:38 centos8 kernel: clocksource: Switched to clocksource tsc
Apr 28 18:40:38 centos8 kernel: platform rtc_cmos: registered platform RTC device (no PNP device found)
Apr 28 18:40:38 centos8 kernel: Initialise system trusted keyrings
Apr 28 18:40:38 centos8 kernel: Key type blacklist registered
Apr 28 18:40:38 centos8 kernel: workingset: timestamp_bits=36 max_order=19 bucket_order=0
Apr 28 18:40:38 centos8 kernel: zbud: loaded
Apr 28 18:40:38 centos8 kernel: pstore: using deflate compression
Apr 28 18:40:38 centos8 kernel: Platform Keyring initialized
Apr 28 18:40:38 centos8 kernel: NET: Registered protocol family 38
Apr 28 18:40:38 centos8 kernel: Key type asymmetric registered
Apr 28 18:40:38 centos8 kernel: Asymmetric key parser 'x509' registered
Apr 28 18:40:38 centos8 kernel: Block layer SCSI generic (bsg) driver version 0.4 loaded (major 245)
Apr 28 18:40:38 centos8 kernel: io scheduler mq-deadline registered
Apr 28 18:40:38 centos8 kernel: io scheduler kyber registered
Apr 28 18:40:38 centos8 kernel: io scheduler bfq registered
Apr 28 18:40:38 centos8 kernel: atomic64_test: passed for x86-64 platform with CX8 and with SSE
Apr 28 18:40:38 centos8 kernel: shpchp: Standard Hot Plug PCI Controller Driver version: 0.4
Apr 28 18:40:38 centos8 kernel: ACPI: AC Adapter [AC] (on-line)
Apr 28 18:40:38 centos8 kernel: input: Power Button as /devices/LNXSYSTM:00/LNXPWRBN:00/input/input0
Apr 28 18:40:38 centos8 kernel: ACPI: Power Button [PWRF]
Apr 28 18:40:38 centos8 kernel: input: Sleep Button as /devices/LNXSYSTM:00/LNXSLPBN:00/input/input1
Apr 28 18:40:38 centos8 kernel: ACPI: Sleep Button [SLPF]
Apr 28 18:40:38 centos8 kernel: Serial: 8250/16550 driver, 4 ports, IRQ sharing enabled
Apr 28 18:40:38 centos8 kernel: Non-volatile memory driver v1.3
Apr 28 18:40:38 centos8 kernel: rdac: device handler registered
Apr 28 18:40:38 centos8 kernel: hp_sw: device handler registered
Apr 28 18:40:38 centos8 kernel: emc: device handler registered
Apr 28 18:40:38 centos8 kernel: alua: device handler registered
Apr 28 18:40:38 centos8 kernel: libphy: Fixed MDIO Bus: probed
Apr 28 18:40:38 centos8 kernel: ehci_hcd: USB 2.0 'Enhanced' Host Controller (EHCI) Driver
Apr 28 18:40:38 centos8 kernel: ehci-pci: EHCI PCI platform driver
Apr 28 18:40:38 centos8 kernel: ehci-pci 0000:00:0b.0: EHCI Host Controller
Apr 28 18:40:38 centos8 kernel: ehci-pci 0000:00:0b.0: new USB bus registered, assigned bus number 1
Apr 28 18:40:38 centos8 kernel: ehci-pci 0000:00:0b.0: irq 19, io mem 0xf1805000
Apr 28 18:40:38 centos8 kernel: ehci-pci 0000:00:0b.0: USB 2.0 started, EHCI 1.00
Apr 28 18:40:38 centos8 kernel: usb usb1: New USB device found, idVendor=1d6b, idProduct=0002, bcdDevice= 4.18
Apr 28 18:40:38 centos8 kernel: usb usb1: New USB device strings: Mfr=3, Product=2, SerialNumber=1
Apr 28 18:40:38 centos8 kernel: usb usb1: Product: EHCI Host Controller
Apr 28 18:40:38 centos8 kernel: usb usb1: Manufacturer: Linux 4.18.0-147.8.1.el8_1.x86_64 ehci_hcd
Apr 28 18:40:38 centos8 kernel: usb usb1: SerialNumber: 0000:00:0b.0
Apr 28 18:40:38 centos8 kernel: hub 1-0:1.0: USB hub found
Apr 28 18:40:38 centos8 kernel: hub 1-0:1.0: 12 ports detected
Apr 28 18:40:38 centos8 kernel: ohci_hcd: USB 1.1 'Open' Host Controller (OHCI) Driver
Apr 28 18:40:38 centos8 kernel: ohci-pci: OHCI PCI platform driver
Apr 28 18:40:38 centos8 kernel: ohci-pci 0000:00:06.0: OHCI PCI host controller
Apr 28 18:40:38 centos8 kernel: ohci-pci 0000:00:06.0: new USB bus registered, assigned bus number 2
Apr 28 18:40:38 centos8 kernel: ohci-pci 0000:00:06.0: irq 22, io mem 0xf1804000
Apr 28 18:40:38 centos8 kernel: usb usb2: New USB device found, idVendor=1d6b, idProduct=0001, bcdDevice= 4.18
Apr 28 18:40:38 centos8 kernel: usb usb2: New USB device strings: Mfr=3, Product=2, SerialNumber=1
Apr 28 18:40:38 centos8 kernel: usb usb2: Product: OHCI PCI host controller
Apr 28 18:40:38 centos8 kernel: usb usb2: Manufacturer: Linux 4.18.0-147.8.1.el8_1.x86_64 ohci_hcd
Apr 28 18:40:38 centos8 kernel: usb usb2: SerialNumber: 0000:00:06.0
Apr 28 18:40:38 centos8 kernel: hub 2-0:1.0: USB hub found
Apr 28 18:40:38 centos8 kernel: hub 2-0:1.0: 12 ports detected
Apr 28 18:40:38 centos8 kernel: uhci_hcd: USB Universal Host Controller Interface driver
Apr 28 18:40:38 centos8 kernel: usbcore: registered new interface driver usbserial_generic
Apr 28 18:40:38 centos8 kernel: usbserial: USB Serial support registered for generic
Apr 28 18:40:38 centos8 kernel: i8042: PNP: PS/2 Controller [PNP0303:PS2K,PNP0f03:PS2M] at 0x60,0x64 irq 1,12
Apr 28 18:40:38 centos8 kernel: serio: i8042 KBD port at 0x60,0x64 irq 1
Apr 28 18:40:38 centos8 kernel: serio: i8042 AUX port at 0x60,0x64 irq 12
Apr 28 18:40:38 centos8 kernel: mousedev: PS/2 mouse device common for all mice
Apr 28 18:40:38 centos8 kernel: input: AT Translated Set 2 keyboard as /devices/platform/i8042/serio0/input/input2
Apr 28 18:40:38 centos8 kernel: rtc_cmos rtc_cmos: registered as rtc0
Apr 28 18:40:38 centos8 kernel: rtc_cmos rtc_cmos: alarms up to one day, 114 bytes nvram
Apr 28 18:40:38 centos8 kernel: hidraw: raw HID events driver (C) Jiri Kosina
Apr 28 18:40:38 centos8 kernel: usbcore: registered new interface driver usbhid
Apr 28 18:40:38 centos8 kernel: usbhid: USB HID core driver
Apr 28 18:40:38 centos8 kernel: drop_monitor: Initializing network drop monitor service
Apr 28 18:40:38 centos8 kernel: Initializing XFRM netlink socket
Apr 28 18:40:38 centos8 kernel: NET: Registered protocol family 10
Apr 28 18:40:38 centos8 kernel: Segment Routing with IPv6
Apr 28 18:40:38 centos8 kernel: NET: Registered protocol family 17
Apr 28 18:40:38 centos8 kernel: mpls_gso: MPLS GSO support
Apr 28 18:40:38 centos8 kernel: core: Using 0 MCE banks
Apr 28 18:40:38 centos8 kernel: AVX2 version of gcm_enc/dec engaged.
Apr 28 18:40:38 centos8 kernel: AES CTR mode by8 optimization enabled
Apr 28 18:40:38 centos8 kernel: sched_clock: Marking stable (1243654868, 0)->(2048304460, -804649592)
Apr 28 18:40:38 centos8 kernel: registered taskstats version 1
Apr 28 18:40:38 centos8 kernel: Loading compiled-in X.509 certificates
Apr 28 18:40:38 centos8 kernel: Loaded X.509 cert 'CentOS Linux kernel signing key: fe454f8213ebfc41c8be4b4305d614b216a92a7e'
Apr 28 18:40:38 centos8 kernel: Loaded X.509 cert 'CentOS Linux Driver update signing key: 29bd4c0d06d2e9911044b5dc973309139b51d6d5'
Apr 28 18:40:38 centos8 kernel: Loaded X.509 cert 'CentOS Linux kpatch signing key: b49f086205909dc4da2cfa99376fb191d2f09e78'
Apr 28 18:40:38 centos8 kernel: zswap: loaded using pool lzo/zbud
Apr 28 18:40:38 centos8 kernel: Key type big_key registered
Apr 28 18:40:38 centos8 kernel: Key type encrypted registered
Apr 28 18:40:38 centos8 kernel: ima: No TPM chip found, activating TPM-bypass!
Apr 28 18:40:38 centos8 kernel: ima: Allocated hash algorithm: sha1
Apr 28 18:40:38 centos8 kernel: evm: Initialising EVM extended attributes:
Apr 28 18:40:38 centos8 kernel: evm: security.selinux
Apr 28 18:40:38 centos8 kernel: evm: security.ima
Apr 28 18:40:38 centos8 kernel: evm: security.capability
Apr 28 18:40:38 centos8 kernel: evm: HMAC attrs: 0x1
Apr 28 18:40:38 centos8 kernel: rtc_cmos rtc_cmos: setting system clock to 2020-04-28 15:40:36 UTC (1588088436)
Apr 28 18:40:38 centos8 kernel: random: fast init done
Apr 28 18:40:38 centos8 kernel: input: ImExPS/2 Generic Explorer Mouse as /devices/platform/i8042/serio1/input/input4
Apr 28 18:40:38 centos8 kernel: Freeing unused decrypted memory: 2040K
Apr 28 18:40:38 centos8 kernel: Freeing unused kernel memory: 2368K
Apr 28 18:40:38 centos8 kernel: Write protecting the kernel read-only data: 18432k
Apr 28 18:40:38 centos8 kernel: Freeing unused kernel memory: 2020K
Apr 28 18:40:38 centos8 kernel: Freeing unused kernel memory: 316K
Apr 28 18:40:38 centos8 systemd[1]: systemd 239 running in system mode. (+PAM +AUDIT +SELINUX +IMA -APPARMOR +SMACK +SYSVINIT +UTMP +LIBCRYPTSETUP +GCRYPT +GNUTLS +ACL +XZ +LZ4 +SECCOMP +BLKID +ELFUTILS +KMOD +IDN2 -IDN +PCRE2 default-hierarchy=legacy)
Apr 28 18:40:38 centos8 systemd[1]: Detected virtualization oracle.
Apr 28 18:40:38 centos8 systemd[1]: Detected architecture x86-64.
Apr 28 18:40:38 centos8 systemd[1]: Running in initial RAM disk.
Apr 28 18:40:38 centos8 systemd[1]: Set hostname to <centos8.lan>.
Apr 28 18:40:38 centos8 kernel: random: systemd: uninitialized urandom read (16 bytes read)
Apr 28 18:40:38 centos8 systemd[1]: Reached target Timers.
Apr 28 18:40:38 centos8 kernel: random: systemd: uninitialized urandom read (16 bytes read)
Apr 28 18:40:38 centos8 systemd[1]: Listening on udev Kernel Socket.
Apr 28 18:40:38 centos8 kernel: random: systemd: uninitialized urandom read (16 bytes read)
Apr 28 18:40:38 centos8 systemd[1]: Reached target Swap.
Apr 28 18:40:38 centos8 systemd[1]: Reached target Slices.
Apr 28 18:40:38 centos8 systemd[1]: Listening on Journal Socket (/dev/log).
Apr 28 18:40:38 centos8 kernel: device-mapper: uevent: version 1.0.3
Apr 28 18:40:38 centos8 kernel: device-mapper: ioctl: 4.39.0-ioctl (2018-04-03) initialised: dm-devel@redhat.com
Apr 28 18:40:38 centos8 systemd-journald[257]: Journal started
Apr 28 18:40:38 centos8 systemd-journald[257]: Runtime journal (/run/log/journal/7c8a019529514796b04346cb886f2349) is 8.0M, max 90.2M, 82.2M free.
Apr 28 18:40:38 centos8 rngd[255]: Initalizing available sources
Apr 28 18:40:38 centos8 rngd[255]: Failed to init entropy source hwrng
Apr 28 18:40:38 centos8 rngd[255]: Enabling RDRAND rng support
Apr 28 18:40:38 centos8 rngd[255]: Initalizing entropy source rdrand
Apr 28 18:40:38 centos8 dracut-cmdline[271]: dracut-8 (Core) dracut-049-27.git20190906.el8_1.1
Apr 28 18:40:38 centos8 dracut-cmdline[271]: Using kernel command line parameters: BOOT_IMAGE=(hd0,msdos1)/vmlinuz-4.18.0-147.8.1.el8_1.x86_64 root=/dev/mapper/cl_centos8-root ro crashkernel=auto resume=/dev/mapper/cl_centos8-swap rd.lvm.lv=cl_centos8/root rd.lvm.lv=cl_centos8/swap rhgb quiet
Apr 28 18:40:40 centos8 systemd[1]: Started udev Kernel Device Manager.
Apr 28 18:40:40 centos8 systemd[1]: Starting udev Coldplug all Devices...
Apr 28 18:40:40 centos8 systemd[1]: Mounting Kernel Configuration File System...
Apr 28 18:40:40 centos8 systemd[1]: Mounted Kernel Configuration File System.
Apr 28 18:40:40 centos8 systemd[1]: Started udev Coldplug all Devices.
Apr 28 18:40:40 centos8 systemd[1]: Starting dracut initqueue hook...
Apr 28 18:40:40 centos8 systemd[1]: Starting Show Plymouth Boot Screen...
Apr 28 18:40:40 centos8 systemd[1]: Started Show Plymouth Boot Screen.
Apr 28 18:40:40 centos8 kernel: e1000: Intel(R) PRO/1000 Network Driver - version 7.3.21-k8-NAPI
Apr 28 18:40:40 centos8 kernel: e1000: Copyright (c) 1999-2006 Intel Corporation.
Apr 28 18:40:40 centos8 kernel: e1000: E1000 MODULE IS NOT SUPPORTED
Apr 28 18:40:40 centos8 systemd[1]: Started Forward Password Requests to Plymouth Directory Watch.
Apr 28 18:40:40 centos8 systemd[1]: Reached target Paths.
Apr 28 18:40:40 centos8 kernel: scsi host0: ata_piix
Apr 28 18:40:40 centos8 kernel: ahci 0000:00:0d.0: SSS flag set, parallel bus scan disabled
Apr 28 18:40:40 centos8 kernel: ahci 0000:00:0d.0: AHCI 0001.0100 32 slots 1 ports 3 Gbps 0x1 impl SATA mode
Apr 28 18:40:40 centos8 kernel: ahci 0000:00:0d.0: flags: 64bit ncq stag only ccc 
Apr 28 18:40:40 centos8 kernel: scsi host1: ata_piix
Apr 28 18:40:40 centos8 kernel: ata1: PATA max UDMA/33 cmd 0x1f0 ctl 0x3f6 bmdma 0xd000 irq 14
Apr 28 18:40:40 centos8 kernel: ata2: PATA max UDMA/33 cmd 0x170 ctl 0x376 bmdma 0xd008 irq 15
Apr 28 18:40:40 centos8 kernel: scsi host2: ahci
Apr 28 18:40:40 centos8 kernel: ata3: SATA max UDMA/133 abar m8192@0xf1806000 port 0xf1806100 irq 21
Apr 28 18:40:40 centos8 systemd-udevd[426]: link_config: autonegotiation is unset or enabled, the speed and duplex are not writable.
Apr 28 18:40:40 centos8 kernel: ata2.00: ATAPI: VBOX CD-ROM, 1.0, max UDMA/133
Apr 28 18:40:40 centos8 kernel: scsi 1:0:0:0: CD-ROM            VBOX     CD-ROM           1.0  PQ: 0 ANSI: 5
Apr 28 18:40:42 centos8 kernel: e1000 0000:00:03.0 eth0: (PCI:33MHz:32-bit) 08:00:27:2b:2e:2c
Apr 28 18:40:42 centos8 kernel: e1000 0000:00:03.0 eth0: Intel(R) PRO/1000 Network Connection
Apr 28 18:40:42 centos8 systemd-udevd[422]: link_config: autonegotiation is unset or enabled, the speed and duplex are not writable.
Apr 28 18:40:42 centos8 kernel: e1000 0000:00:03.0 enp0s3: renamed from eth0
Apr 28 18:40:42 centos8 dracut-initqueue[428]: Scanning devices sda2  for LVM logical volumes cl_centos8/root cl_centos8/swap
Apr 28 18:40:42 centos8 dracut-initqueue[428]: inactive '/dev/cl_centos8/swap' [<2.05 GiB] inherit
Apr 28 18:40:42 centos8 dracut-initqueue[428]: inactive '/dev/cl_centos8/root' [17.62 GiB] inherit
Apr 28 18:40:42 centos8 systemd[1]: Found device /dev/mapper/cl_centos8-root.
Apr 28 18:40:42 centos8 systemd[1]: Reached target Initrd Root Device.
Apr 28 18:40:42 centos8 rngd[255]: Enabling JITTER rng support
Apr 28 18:40:42 centos8 rngd[255]: Initalizing entropy source jitter
Apr 28 18:40:42 centos8 kernel: random: crng init done
Apr 28 18:40:42 centos8 kernel: random: 7 urandom warning(s) missed due to ratelimiting
Apr 28 18:40:42 centos8 systemd[1]: Found device /dev/mapper/cl_centos8-swap.
Apr 28 18:40:42 centos8 systemd[1]: Starting Resume from hibernation using device /dev/mapper/cl_centos8-swap...
Apr 28 18:40:42 centos8 systemd-hibernate-resume[590]: Could not resume from '/dev/mapper/cl_centos8-swap' (253:1).
Apr 28 18:40:42 centos8 systemd[1]: Started Resume from hibernation using device /dev/mapper/cl_centos8-swap.
Apr 28 18:40:42 centos8 systemd[1]: Reached target Local File Systems (Pre).
Apr 28 18:40:42 centos8 systemd[1]: Reached target Local File Systems.
Apr 28 18:40:42 centos8 systemd[1]: Starting Create Volatile Files and Directories...
Apr 28 18:40:42 centos8 systemd[1]: Started dracut initqueue hook.
Apr 28 18:40:42 centos8 systemd[1]: Starting File System Check on /dev/mapper/cl_centos8-root...
Apr 28 18:40:42 centos8 systemd[1]: Reached target Remote File Systems (Pre).
Apr 28 18:40:42 centos8 systemd[1]: Reached target Remote File Systems.
Apr 28 18:40:42 centos8 systemd[1]: Started Create Volatile Files and Directories.
Apr 28 18:40:42 centos8 systemd[1]: Reached target System Initialization.
Apr 28 18:40:42 centos8 systemd[1]: Reached target Basic System.
Apr 28 18:40:42 centos8 systemd-fsck[598]: /usr/sbin/fsck.xfs: XFS file system.
Apr 28 18:40:42 centos8 systemd[1]: Started File System Check on /dev/mapper/cl_centos8-root.
Apr 28 18:40:42 centos8 systemd[1]: Mounting /sysroot...
Apr 28 18:40:42 centos8 kernel: SGI XFS with ACLs, security attributes, no debug enabled
Apr 28 18:40:42 centos8 kernel: XFS (dm-0): Mounting V5 Filesystem
Apr 28 18:40:44 centos8 systemd[1]: Mounted /sysroot.
Apr 28 18:40:44 centos8 systemd[1]: Reached target Initrd Root File System.
Apr 28 18:40:44 centos8 systemd[1]: Starting Reload Configuration from the Real Root...
Apr 28 18:40:44 centos8 systemd[1]: Reloading.
Apr 28 18:40:44 centos8 systemd[1]: Started Reload Configuration from the Real Root.
Apr 28 18:40:44 centos8 systemd[1]: Reached target Initrd File Systems.
Apr 28 18:40:44 centos8 systemd[1]: Reached target Initrd Default Target.
Apr 28 18:40:44 centos8 systemd[1]: Starting dracut pre-pivot and cleanup hook...
Apr 28 18:40:52 centos8 systemd-journald[257]: Received SIGTERM from PID 1 (systemd).
Apr 28 18:40:52 centos8 kernel: systemd: 20 output lines suppressed due to ratelimiting
Apr 28 18:40:52 centos8 kernel: audit: type=1404 audit(1588088446.650:2): enforcing=1 old_enforcing=0 auid=4294967295 ses=4294967295 enabled=1 old-enabled=1 lsm=selinux res=1
Apr 28 18:40:52 centos8 kernel: SELinux:  policy capability network_peer_controls=1
Apr 28 18:40:52 centos8 kernel: SELinux:  policy capability open_perms=1
Apr 28 18:40:52 centos8 kernel: SELinux:  policy capability extended_socket_class=1
Apr 28 18:40:52 centos8 kernel: SELinux:  policy capability always_check_network=0
Apr 28 18:40:52 centos8 kernel: SELinux:  policy capability cgroup_seclabel=1
Apr 28 18:40:52 centos8 kernel: SELinux:  policy capability nnp_nosuid_transition=1
Apr 28 18:40:52 centos8 kernel: audit: type=1403 audit(1588088447.723:3): auid=4294967295 ses=4294967295 lsm=selinux res=1
Apr 28 18:40:52 centos8 systemd[1]: Successfully loaded SELinux policy in 1.080965s.
Apr 28 18:40:52 centos8 systemd[1]: Failed to insert module 'ip_tables': Operation not permitted
Apr 28 18:40:52 centos8 systemd[1]: Relabelled /dev, /run and /sys/fs/cgroup in 103.910ms.
Apr 28 18:40:52 centos8 systemd[1]: systemd 239 running in system mode. (+PAM +AUDIT +SELINUX +IMA -APPARMOR +SMACK +SYSVINIT +UTMP +LIBCRYPTSETUP +GCRYPT +GNUTLS +ACL +XZ +LZ4 +SECCOMP +BLKID +ELFUTILS +KMOD +IDN2 -IDN +PCRE2 default-hierarchy=legacy)
Apr 28 18:40:52 centos8 systemd[1]: Detected virtualization oracle.
Apr 28 18:40:52 centos8 systemd[1]: Detected architecture x86-64.
Apr 28 18:40:52 centos8 systemd[1]: Set hostname to <centos8.lan>.
Apr 28 18:40:52 centos8 systemd[1]: Stopped Switch Root.
Apr 28 18:40:52 centos8 systemd[1]: systemd-journald.service: Service has no hold-off time (RestartSec=0), scheduling restart.
Apr 28 18:40:52 centos8 systemd[1]: systemd-journald.service: Scheduled restart job, restart counter is at 1.
Apr 28 18:40:52 centos8 systemd[1]: Stopped Journal Service.
Apr 28 18:40:52 centos8 systemd[1]: Starting Journal Service...
Apr 28 18:40:52 centos8 systemd[1]: Reached target Remote File Systems.
Apr 28 18:40:52 centos8 kernel: Adding 2146300k swap on /dev/mapper/cl_centos8-swap.  Priority:-2 extents:1 across:2146300k FS
Apr 28 18:40:52 centos8 systemd-journald[720]: Journal started
Apr 28 18:40:52 centos8 systemd-journald[720]: Runtime journal (/run/log/journal/7c8a019529514796b04346cb886f2349) is 8.0M, max 90.2M, 82.2M free.
Apr 28 18:40:52 centos8 systemd[1]: Starting Flush Journal to Persistent Storage...
Apr 28 18:40:52 centos8 systemd-journald[720]: Runtime journal (/run/log/journal/7c8a019529514796b04346cb886f2349) is 8.0M, max 90.2M, 82.2M free.
Apr 28 18:40:52 centos8 systemd[1]: Started Flush Journal to Persistent Storage.
Apr 28 18:40:52 centos8 systemd[1]: Started udev Kernel Device Manager.
Apr 28 18:40:54 centos8 lvm[730]:  2 logical volume(s) in volume group "cl_centos8" monitored
Apr 28 18:40:54 centos8 systemd[1]: Started Monitoring of LVM2 mirrors, snapshots etc. using dmeventd or progress polling.
Apr 28 18:40:54 centos8 systemd[1]: Reached target Local File Systems (Pre).
Apr 28 18:40:54 centos8 systemd[1]: Starting File System Check on /dev/disk/by-uuid/33043caf-2e80-4e27-aafe-925759aee464...
Apr 28 18:40:54 centos8 lvm[820]:  pvscan[820] PV /dev/sda2 online, VG cl_centos8 is complete.
Apr 28 18:40:54 centos8 lvm[820]:  pvscan[820] VG cl_centos8 run autoactivation.
Apr 28 18:40:54 centos8 lvm[820]:  2 logical volume(s) in volume group "cl_centos8" now active
Apr 28 18:40:54 centos8 systemd[1]: Started LVM event activation on device 8:2.
Apr 28 18:40:54 centos8 systemd-udevd[756]: link_config: autonegotiation is unset or enabled, the speed and duplex are not writable.
Apr 28 18:40:54 centos8 systemd-fsck[852]: /dev/sda1: recovering journal
Apr 28 18:40:54 centos8 systemd-fsck[852]: /dev/sda1: clean, 309/65536 files, 47125/262144 blocks
Apr 28 18:40:56 centos8 augenrules[895]: /sbin/augenrules: No change
Apr 28 18:40:56 centos8 augenrules[895]: No rules
Apr 28 18:40:56 centos8 augenrules[895]: enabled 1
Apr 28 18:40:56 centos8 augenrules[895]: failure 1
Apr 28 18:40:56 centos8 augenrules[895]: pid 892
Apr 28 18:40:56 centos8 augenrules[895]: rate_limit 0
Apr 28 18:40:56 centos8 augenrules[895]: backlog_limit 8192
Apr 28 18:40:56 centos8 augenrules[895]: lost 0
Apr 28 18:40:56 centos8 augenrules[895]: backlog 1
Apr 28 18:40:56 centos8 augenrules[895]: backlog_wait_time 60000
Apr 28 18:40:56 centos8 augenrules[895]: enabled 1
Apr 28 18:40:56 centos8 augenrules[895]: failure 1
Apr 28 18:40:56 centos8 augenrules[895]: pid 892
Apr 28 18:40:56 centos8 augenrules[895]: rate_limit 0
Apr 28 18:40:56 centos8 augenrules[895]: backlog_limit 8192
Apr 28 18:40:56 centos8 augenrules[895]: lost 0
Apr 28 18:40:56 centos8 augenrules[895]: backlog 1
Apr 28 18:40:56 centos8 augenrules[895]: backlog_wait_time 60000
Apr 28 18:40:56 centos8 augenrules[895]: enabled 1
Apr 28 18:40:56 centos8 augenrules[895]: failure 1
Apr 28 18:40:56 centos8 augenrules[895]: pid 892
Apr 28 18:40:56 centos8 augenrules[895]: rate_limit 0
Apr 28 18:40:56 centos8 augenrules[895]: backlog_limit 8192
Apr 28 18:40:56 centos8 augenrules[895]: lost 0
Apr 28 18:40:56 centos8 augenrules[895]: backlog 1
Apr 28 18:40:56 centos8 augenrules[895]: backlog_wait_time 60000
Apr 28 18:40:56 centos8 systemd[1]: Started Security Auditing Service.
Apr 28 18:40:56 centos8 systemd[1]: Starting Update UTMP about System Boot/Shutdown...
Apr 28 18:40:56 centos8 systemd[1]: Started Update UTMP about System Boot/Shutdown.
Apr 28 18:40:56 centos8 systemd[1]: Reached target System Initialization.
Apr 28 18:40:56 centos8 systemd[1]: Started Daily Cleanup of Temporary Directories.
Apr 28 18:40:56 centos8 systemd[1]: Started daily update of the root trust anchor for DNSSEC.
Apr 28 18:40:56 centos8 systemd[1]: Listening on D-Bus System Message Bus Socket.
Apr 28 18:40:56 centos8 systemd[1]: Listening on SSSD Kerberos Cache Manager responder socket.
Apr 28 18:40:56 centos8 systemd[1]: Reached target Sockets.
Apr 28 18:40:56 centos8 systemd[1]: Started dnf makecache --timer.
Apr 28 18:40:56 centos8 systemd[1]: Reached target Timers.
Apr 28 18:40:56 centos8 systemd[1]: Reached target Basic System.
Apr 28 18:40:56 centos8 systemd[1]: Starting System Security Services Daemon...
Apr 28 18:40:56 centos8 systemd[1]: Starting NTP client/server...
Apr 28 18:40:56 centos8 systemd[1]: Started D-Bus System Message Bus.
Apr 28 18:40:56 centos8 systemd[1]: Starting Authorization Manager...
Apr 28 18:40:56 centos8 systemd[1]: Reached target sshd-keygen.target.
Apr 28 18:40:56 centos8 systemd[1]: Started irqbalance daemon.
Apr 28 18:40:56 centos8 systemd[1]: Started Hardware RNG Entropy Gatherer Daemon.
Apr 28 18:40:56 centos8 chronyd[921]: chronyd version 3.5 starting (+CMDMON +NTP +REFCLOCK +RTC +PRIVDROP +SCFILTER +SIGND +ASYNCDNS +SECHASH +IPV6 +DEBUG)
Apr 28 18:40:56 centos8 /usr/sbin/irqbalance[918]: Balancing is ineffective on systems with a single cpu.  Shutting down
Apr 28 18:40:56 centos8 chronyd[921]: Frequency -2.367 +/- 0.072 ppm read from /var/lib/chrony/drift
Apr 28 18:40:56 centos8 chronyd[921]: Using right/UTC timezone to obtain leap second data
Apr 28 18:40:58 centos8 polkitd[917]: Started polkitd version 0.115
Apr 28 18:40:58 centos8 systemd[1]: Started NTP client/server.
Apr 28 18:40:58 centos8 sssd[914]: Starting up
Apr 28 18:40:58 centos8 sssd[be[implicit_files]][931]: Starting up
Apr 28 18:40:58 centos8 sssd[nss][934]: Starting up
Apr 28 18:40:58 centos8 systemd[1]: Started Authorization Manager.
Apr 28 18:40:58 centos8 systemd[1]: Starting firewalld - dynamic firewall daemon...
Apr 28 18:41:00 centos8 systemd-logind[938]: New seat seat0.
Apr 28 18:41:00 centos8 systemd-logind[938]: Watching system buttons on /dev/input/event0 (Power Button)
Apr 28 18:41:00 centos8 systemd-logind[938]: Watching system buttons on /dev/input/event1 (Sleep Button)
Apr 28 18:41:00 centos8 systemd-logind[938]: Watching system buttons on /dev/input/event2 (AT Translated Set 2 keyboard)
Apr 28 18:41:00 centos8 systemd[1]: Started Login Service.
Apr 28 18:41:02 centos8 NetworkManager[943]: <info>  [1588088462.0701] NetworkManager (version 1.20.0-5.el8_1) is starting... (for the first time)
Apr 28 18:41:02 centos8 NetworkManager[943]: <info>  [1588088462.0755] Read config: /etc/NetworkManager/NetworkManager.conf
Apr 28 18:41:02 centos8 systemd[1]: Started Network Manager.
Apr 28 18:41:02 centos8 systemd[1]: Starting Network Manager Wait Online...
Apr 28 18:41:02 centos8 NetworkManager[943]: <info>  [1588088462.1096] bus-manager: acquired D-Bus service "org.freedesktop.NetworkManager"
Apr 28 18:41:02 centos8 systemd[1]: Reached target Network.
Apr 28 18:41:02 centos8 systemd[1]: Starting OpenSSH server daemon...
Apr 28 18:41:02 centos8 systemd[1]: Starting Permit User Sessions...
Apr 28 18:41:02 centos8 systemd[1]: Starting Dynamic System Tuning Daemon...
Apr 28 18:41:02 centos8 NetworkManager[943]: <info>  [1588088462.2360] manager[0x55c1a075e0e0]: monitoring kernel firmware directory '/lib/firmware'.
Apr 28 18:41:02 centos8 dbus-daemon[916]: [system] Activating via systemd: service name='org.freedesktop.hostname1' unit='dbus-org.freedesktop.hostname1.service' requested by ':1.7' (uid=0 pid=943 comm="/usr/sbin/NetworkManager --no-daemon " label="system_u:system_r:NetworkManager_t:s0")
Apr 28 18:41:02 centos8 systemd[1]: Starting Hostname Service...
Apr 28 18:41:02 centos8 systemd[1]: Started Permit User Sessions.
Apr 28 18:41:02 centos8 systemd[1]: Starting Terminate Plymouth Boot Screen...
Apr 28 18:41:02 centos8 systemd[1]: Starting Hold until boot process finishes up...
Apr 28 18:41:02 centos8 systemd[1]: Started Command Scheduler.
Apr 28 18:41:02 centos8 systemd[1]: Started Terminate Plymouth Boot Screen.
Apr 28 18:41:02 centos8 systemd[1]: Started Hold until boot process finishes up.
Apr 28 18:41:02 centos8 systemd[1]: Received SIGRTMIN+21 from PID 431 (n/a).
Apr 28 18:41:02 centos8 systemd[1]: Started Getty on tty1.
Apr 28 18:41:02 centos8 systemd[1]: Reached target Login Prompts.
Apr 28 18:41:02 centos8 systemd[1]: Started OpenSSH server daemon.
Apr 28 18:41:02 centos8 firewalld[937]: WARNING: AllowZoneDrifting is enabled. This is considered an insecure configuration option. It will be removed in a future release. Please consider disabling it now.
Apr 28 18:41:04 centos8 dbus-daemon[916]: [system] Successfully activated service 'org.freedesktop.hostname1'
Apr 28 18:41:04 centos8 systemd[1]: Started Hostname Service.
Apr 28 18:41:04 centos8 NetworkManager[943]: <info>  [1588088464.2677] hostname: hostname: using hostnamed
Apr 28 18:41:04 centos8 NetworkManager[943]: <info>  [1588088464.2679] hostname: hostname changed from (none) to "centos8.lan"
Apr 28 18:41:04 centos8 NetworkManager[943]: <info>  [1588088464.2684] dns-mgr[0x55c1a0743250]: init: dns=default,systemd-resolved rc-manager=symlink
Apr 28 18:41:04 centos8 NetworkManager[943]: <info>  [1588088464.4571] Loaded device plugin: NMTeamFactory (/usr/lib64/NetworkManager/1.20.0-5.el8_1/libnm-device-plugin-team.so)
Apr 28 18:41:04 centos8 NetworkManager[943]: <info>  [1588088464.4573] manager: rfkill: Wi-Fi enabled by radio killswitch; enabled by state file
Apr 28 18:41:04 centos8 NetworkManager[943]: <info>  [1588088464.4598] manager: rfkill: WWAN enabled by radio killswitch; enabled by state file
Apr 28 18:41:04 centos8 NetworkManager[943]: <info>  [1588088464.4612] manager: Networking is enabled by state file
Apr 28 18:41:04 centos8 dbus-daemon[916]: [system] Activating via systemd: service name='org.freedesktop.nm_dispatcher' unit='dbus-org.freedesktop.nm-dispatcher.service' requested by ':1.7' (uid=0 pid=943 comm="/usr/sbin/NetworkManager --no-daemon " label="system_u:system_r:NetworkManager_t:s0")
Apr 28 18:41:04 centos8 NetworkManager[943]: <info>  [1588088464.4631] dhcp-init: Using DHCP client 'internal'
Apr 28 18:41:04 centos8 systemd[1]: Starting Network Manager Script Dispatcher Service...
Apr 28 18:41:04 centos8 NetworkManager[943]: <info>  [1588088464.5105] settings: Loaded settings plugin: ifcfg-rh ("/usr/lib64/NetworkManager/1.20.0-5.el8_1/libnm-settings-plugin-ifcfg-rh.so")
Apr 28 18:41:04 centos8 NetworkManager[943]: <info>  [1588088464.5106] settings: Loaded settings plugin: keyfile (internal)
Apr 28 18:41:04 centos8 dbus-daemon[916]: [system] Successfully activated service 'org.freedesktop.nm_dispatcher'
Apr 28 18:41:04 centos8 systemd[1]: Started Network Manager Script Dispatcher Service.
Apr 28 18:41:04 centos8 NetworkManager[943]: <info>  [1588088464.5609] device (lo): carrier: link connected
Apr 28 18:41:04 centos8 NetworkManager[943]: <info>  [1588088464.5624] manager: (lo): new Generic device (/org/freedesktop/NetworkManager/Devices/1)
Apr 28 18:41:04 centos8 NetworkManager[943]: <info>  [1588088464.5681] manager: (enp0s3): new Ethernet device (/org/freedesktop/NetworkManager/Devices/2)
Apr 28 18:41:04 centos8 NetworkManager[943]: <info>  [1588088464.5821] device (enp0s3): state change: unmanaged -> unavailable (reason 'managed', sys-iface-state: 'external')
Apr 28 18:41:04 centos8 kernel: IPv6: ADDRCONF(NETDEV_UP): enp0s3: link is not ready
Apr 28 18:41:04 centos8 kernel: e1000: enp0s3 NIC Link is Up 1000 Mbps Full Duplex, Flow Control: RX
Apr 28 18:41:04 centos8 kernel: IPv6: ADDRCONF(NETDEV_UP): enp0s3: link is not ready
Apr 28 18:41:04 centos8 kernel: IPv6: ADDRCONF(NETDEV_CHANGE): enp0s3: link becomes ready
Apr 28 18:41:04 centos8 NetworkManager[943]: <info>  [1588088464.6003] device (enp0s3): carrier: link connected
Apr 28 18:41:04 centos8 NetworkManager[943]: <info>  [1588088464.6618] device (enp0s3): state change: unavailable -> disconnected (reason 'none', sys-iface-state: 'managed')
Apr 28 18:41:04 centos8 NetworkManager[943]: <info>  [1588088464.6810] policy: auto-activating connection 'enp0s3' (c53c4306-72bf-46fa-b301-3d92e05faaea)
Apr 28 18:41:04 centos8 NetworkManager[943]: <info>  [1588088464.6864] device (enp0s3): Activation: starting connection 'enp0s3' (c53c4306-72bf-46fa-b301-3d92e05faaea)
Apr 28 18:41:04 centos8 NetworkManager[943]: <info>  [1588088464.6874] device (enp0s3): state change: disconnected -> prepare (reason 'none', sys-iface-state: 'managed')
Apr 28 18:41:04 centos8 NetworkManager[943]: <info>  [1588088464.6925] manager: NetworkManager state is now CONNECTING
Apr 28 18:41:04 centos8 NetworkManager[943]: <info>  [1588088464.6950] device (enp0s3): state change: prepare -> config (reason 'none', sys-iface-state: 'managed')
Apr 28 18:41:06 centos8 NetworkManager[943]: <info>  [1588088466.5718] device (enp0s3): state change: config -> ip-config (reason 'none', sys-iface-state: 'managed')
Apr 28 18:41:06 centos8 NetworkManager[943]: <info>  [1588088466.5724] dhcp4 (enp0s3): activation: beginning transaction (timeout in 45 seconds)
Apr 28 18:41:06 centos8 NetworkManager[943]: <info>  [1588088466.6244] dhcp4 (enp0s3): state changed unknown -> bound
Apr 28 18:41:06 centos8 NetworkManager[943]: <info>  [1588088466.6259] device (enp0s3): state change: ip-config -> ip-check (reason 'none', sys-iface-state: 'managed')
Apr 28 18:41:06 centos8 NetworkManager[943]: <info>  [1588088466.6380] device (enp0s3): state change: ip-check -> secondaries (reason 'none', sys-iface-state: 'managed')
Apr 28 18:41:06 centos8 NetworkManager[943]: <info>  [1588088466.6385] device (enp0s3): state change: secondaries -> activated (reason 'none', sys-iface-state: 'managed')
Apr 28 18:41:06 centos8 NetworkManager[943]: <info>  [1588088466.6393] manager: NetworkManager state is now CONNECTED_LOCAL
Apr 28 18:41:06 centos8 NetworkManager[943]: <info>  [1588088466.6413] manager: NetworkManager state is now CONNECTED_SITE
Apr 28 18:41:06 centos8 NetworkManager[943]: <info>  [1588088466.6414] policy: set 'enp0s3' (enp0s3) as default for IPv4 routing and DNS
Apr 28 18:41:06 centos8 dbus-daemon[916]: [system] Activating via systemd: service name='org.freedesktop.resolve1' unit='dbus-org.freedesktop.resolve1.service' requested by ':1.7' (uid=0 pid=943 comm="/usr/sbin/NetworkManager --no-daemon " label="system_u:system_r:NetworkManager_t:s0")
Apr 28 18:41:06 centos8 dbus-daemon[916]: [system] Activation via systemd failed for unit 'dbus-org.freedesktop.resolve1.service': Unit dbus-org.freedesktop.resolve1.service not found.
Apr 28 18:41:06 centos8 NetworkManager[943]: <info>  [1588088466.7582] device (enp0s3): Activation: successful, device activated.
Apr 28 18:41:06 centos8 NetworkManager[943]: <info>  [1588088466.7625] manager: NetworkManager state is now CONNECTED_GLOBAL
Apr 28 18:41:06 centos8 NetworkManager[943]: <info>  [1588088466.7649] manager: startup complete
Apr 28 18:41:06 centos8 systemd[1]: Started Network Manager Wait Online.
Apr 28 18:41:06 centos8 systemd[1]: Reached target Network is Online.
Apr 28 18:41:06 centos8 systemd[1]: Starting Crash recovery kernel arming...
Apr 28 18:41:06 centos8 systemd[1]: Starting System Logging Service...
Apr 28 18:41:14 centos8 chronyd[921]: Selected source 81.175.5.182
Apr 28 18:46:36 centos8 systemd[1665]: Starting Mark boot as successful...
Apr 28 18:46:36 centos8 systemd[1665]: Started Mark boot as successful.
Apr 28 18:51:36 centos8 systemd[1]: Starting dnf makecache...
Apr 28 18:51:42 centos8 dnf[1720]: CentOS-8 - Base                                 5.5 kB/s | 3.9 kB     00:00
Apr 28 18:51:44 centos8 dnf[1720]: Metadata cache created.
Apr 28 18:51:44 centos8 systemd[1]: Started dnf makecache.
Apr 28 18:56:36 centos8 systemd[1]: Starting Cleanup of Temporary Directories...
Apr 28 18:56:36 centos8 systemd[1]: Started Cleanup of Temporary Directories.
Apr 28 19:18:46 centos8 systemd-logind[938]: Session 1 logged out. Waiting for processes to exit.
Apr 28 19:18:46 centos8 systemd-logind[938]: Removed session 1.
Apr 28 19:18:46 centos8 systemd[1]: user-runtime-dir@1000.service: Unit not needed anymore. Stopping.
Apr 28 19:18:46 centos8 systemd[1]: Stopping User Manager for UID 1000...
Apr 28 19:18:46 centos8 systemd[1665]: Stopped target Default.
Apr 28 19:18:46 centos8 systemd[1665]: Stopped target Basic System.
Apr 28 19:18:46 centos8 systemd[1665]: Stopped target Timers.
Apr 28 19:18:46 centos8 systemd[1665]: Stopped target Sockets.
Apr 28 19:18:46 centos8 systemd[1665]: Stopped Mark boot as successful after the user session has run 2 minutes.
Apr 28 19:18:46 centos8 systemd[1665]: Stopped target Paths.
Apr 28 19:18:46 centos8 systemd[1665]: Closed D-Bus User Message Bus Socket.
Apr 28 19:18:46 centos8 systemd[1665]: Reached target Shutdown.
Apr 28 19:18:46 centos8 systemd[1665]: Starting Exit the Session...
Apr 28 19:18:46 centos8 systemd[1]: user@1000.service: Killing process 1988 (systemctl) with signal SIGKILL.
Apr 28 19:18:46 centos8 systemd[1]: user-runtime-dir@1000.service: Unit not needed anymore. Stopping.
Apr 28 19:18:46 centos8 systemd[1]: Stopped User Manager for UID 1000.
Apr 28 19:18:46 centos8 systemd[1]: user-runtime-dir@1000.service: Unit not needed anymore. Stopping.
Apr 28 19:18:46 centos8 systemd[1]: Stopping /run/user/1000 mount wrapper...
Apr 28 19:18:46 centos8 systemd[1]: Removed slice User Slice of UID 1000.
Apr 28 19:18:46 centos8 systemd[1]: Stopped /run/user/1000 mount wrapper.
Apr 28 19:18:52 centos8 systemd[2003]: Starting D-Bus User Message Bus Socket.
Apr 28 19:18:52 centos8 systemd[2003]: Reached target Paths.
Apr 28 19:18:52 centos8 systemd[2003]: Started Mark boot as successful after the user session has run 2 minutes.
Apr 28 19:18:52 centos8 systemd[2003]: Reached target Timers.
Apr 28 19:18:52 centos8 systemd[2003]: Listening on D-Bus User Message Bus Socket.
Apr 28 19:18:52 centos8 systemd[2003]: Reached target Sockets.
Apr 28 19:18:52 centos8 systemd[2003]: Reached target Basic System.
Apr 28 19:18:52 centos8 systemd[2003]: Reached target Default.
Apr 28 19:18:52 centos8 systemd[2003]: Startup finished in 71ms.
Apr 28 19:18:52 centos8 systemd[1]: Started User Manager for UID 1000.
Apr 28 19:19:34 centos8 su[2087]: (to root) kartowka on pts/0
Apr 28 19:21:36 centos8 systemd[2003]: Starting Mark boot as successful...
Apr 28 19:21:36 centos8 systemd[2003]: Started Mark boot as successful.
Apr 28 19:52:36 centos8 systemd[1]: Starting dnf makecache...
Apr 28 20:53:36 centos8 systemd[1]: Starting dnf makecache...
Apr 28 21:54:36 centos8 systemd[1]: Starting dnf makecache...
Apr 28 21:54:38 centos8 dnf[2272]: CentOS-8 - Base                                 8.4 kB/s | 3.9 kB     00:00
Apr 28 21:54:38 centos8 dnf[2272]: CentOS-8 - Extras                               4.4 kB/s | 1.5 kB     00:00
Apr 28 22:55:36 centos8 systemd[1]: Starting dnf makecache...
Apr 28 23:56:36 centos8 systemd[1]: Starting dnf makecache...
Apr 29 00:00:36 centos8 systemd[1]: Starting update of the root trust anchor for DNSSEC validation in unbound...
Apr 29 00:00:36 centos8 systemd[1]: Started update of the root trust anchor for DNSSEC validation in unbound.
Apr 29 00:57:36 centos8 systemd[1]: Starting dnf makecache...
Apr 29 00:57:38 centos8 dnf[2363]: CentOS-8 - AppStream                            6.1 kB/s | 4.3 kB     00:00
Apr 29 00:57:42 centos8 dnf[2363]: Metadata cache created.
Apr 29 00:57:42 centos8 systemd[1]: Started dnf makecache.
Apr 30 18:02:44 centos8 kernel: Command line: BOOT_IMAGE=(hd0,msdos1)/vmlinuz-4.18.0-147.8.1.el8_1.x86_64 root=/dev/mapper/cl_centos8-root ro crashkernel=auto resume=/dev/mapper/cl_centos8-swap rd.lvm.lv=cl_centos8/root rd.lvm.lv=cl_centos8/swap rhgb quiet
Apr 30 18:02:44 centos8 kernel: x86/fpu: Supporting XSAVE feature 0x001: 'x87 floating point registers'
Apr 30 18:02:44 centos8 kernel: x86/fpu: Supporting XSAVE feature 0x002: 'SSE registers'
Apr 30 18:02:44 centos8 kernel: x86/fpu: Supporting XSAVE feature 0x004: 'AVX registers'
Apr 30 18:02:44 centos8 kernel: x86/fpu: xstate_offset[2]:  576, xstate_sizes[2]:  256
Apr 30 18:02:44 centos8 kernel: x86/fpu: Enabled xstate features 0x7, context size is 832 bytes, using 'standard' format.
Apr 30 18:02:44 centos8 kernel: BIOS-provided physical RAM map:
Apr 30 18:02:44 centos8 kernel: BIOS-e820: [mem 0x0000000000000000-0x000000000009fbff] usable
Apr 30 18:02:44 centos8 kernel: BIOS-e820: [mem 0x000000000009fc00-0x000000000009ffff] reserved
Apr 30 18:02:44 centos8 kernel: BIOS-e820: [mem 0x00000000000f0000-0x00000000000fffff] reserved
Apr 30 18:02:44 centos8 kernel: BIOS-e820: [mem 0x0000000000100000-0x000000007e7effff] usable
Apr 30 18:02:44 centos8 kernel: BIOS-e820: [mem 0x000000007e7f0000-0x000000007e7fffff] ACPI data
Apr 30 18:02:44 centos8 kernel: BIOS-e820: [mem 0x00000000fec00000-0x00000000fec00fff] reserved
Apr 30 18:02:44 centos8 kernel: BIOS-e820: [mem 0x00000000fee00000-0x00000000fee00fff] reserved
Apr 30 18:02:44 centos8 kernel: BIOS-e820: [mem 0x00000000fffc0000-0x00000000ffffffff] reserved
Apr 30 18:02:44 centos8 kernel: NX (Execute Disable) protection: active
Apr 30 18:02:44 centos8 kernel: SMBIOS 2.5 present.
Apr 30 18:02:44 centos8 kernel: DMI: innotek GmbH VirtualBox/VirtualBox, BIOS VirtualBox 12/01/2006
Apr 30 18:02:44 centos8 kernel: Hypervisor detected: KVM
Apr 30 18:02:44 centos8 kernel: kvm-clock: Using msrs 4b564d01 and 4b564d00
Apr 30 18:02:44 centos8 kernel: kvm-clock: cpu 0, msr 41e01001, primary cpu clock
Apr 30 18:02:44 centos8 kernel: kvm-clock: using sched offset of 10468092904 cycles
Apr 30 18:02:44 centos8 kernel: clocksource: kvm-clock: mask: 0xffffffffffffffff max_cycles: 0x1cd42e4dffb, max_idle_ns: 881590591483 ns
Apr 30 18:02:44 centos8 kernel: last_pfn = 0x7e7f0 max_arch_pfn = 0x400000000
Apr 30 18:02:44 centos8 kernel: Disabled
Apr 30 18:02:44 centos8 kernel: x86/PAT: MTRRs disabled, skipping PAT initialization too.
Apr 30 18:02:44 centos8 kernel: CPU MTRRs all blank - virtualized system.
Apr 30 18:02:44 centos8 kernel: x86/PAT: Configuration [0-7]: WB  WT  UC- UC  WB  WT  UC- UC  
Apr 30 18:02:44 centos8 kernel: found SMP MP-table at [mem 0x0009fff0-0x0009ffff] mapped at [(____ptrval____)]
Apr 30 18:02:44 centos8 kernel: RAMDISK: [mem 0x3481a000-0x36404fff]
Apr 30 18:02:44 centos8 kernel: ACPI: Early table checksum verification disabled
Apr 30 18:02:44 centos8 kernel: ACPI: RSDP 0x00000000000E0000 000024 (v02 VBOX  )
Apr 30 18:02:44 centos8 kernel: ACPI: XSDT 0x000000007E7F0030 00003C (v01 VBOX   VBOXXSDT 00000001 ASL  00000061)
Apr 30 18:02:44 centos8 kernel: ACPI: FACP 0x000000007E7F00F0 0000F4 (v04 VBOX   VBOXFACP 00000001 ASL  00000061)
Apr 30 18:02:44 centos8 kernel: ACPI: DSDT 0x000000007E7F0470 002325 (v02 VBOX   VBOXBIOS 00000002 INTL 20100528)
Apr 30 18:02:44 centos8 kernel: ACPI: FACS 0x000000007E7F0200 000040
Apr 30 18:02:44 centos8 kernel: ACPI: FACS 0x000000007E7F0200 000040
Apr 30 18:02:44 centos8 kernel: ACPI: APIC 0x000000007E7F0240 000054 (v02 VBOX   VBOXAPIC 00000001 ASL  00000061)
Apr 30 18:02:44 centos8 kernel: ACPI: SSDT 0x000000007E7F02A0 0001CC (v01 VBOX   VBOXCPUT 00000002 INTL 20100528)
Apr 30 18:02:44 centos8 kernel: No NUMA configuration found
Apr 30 18:02:44 centos8 kernel: Faking a node at [mem 0x0000000000000000-0x000000007e7effff]
Apr 30 18:02:44 centos8 kernel: NODE_DATA(0) allocated [mem 0x7e7c6000-0x7e7effff]
Apr 30 18:02:44 centos8 kernel: Using crashkernel=auto, the size chosen is a best effort estimation.
Apr 30 18:02:44 centos8 kernel: Reserving 160MB of memory at 1856MB for crashkernel (System RAM: 2023MB)
Apr 30 18:02:44 centos8 kernel: Zone ranges:
Apr 30 18:02:44 centos8 kernel:  DMA      [mem 0x0000000000001000-0x0000000000ffffff]
Apr 30 18:02:44 centos8 kernel:  DMA32    [mem 0x0000000001000000-0x000000007e7effff]
Apr 30 18:02:44 centos8 kernel:  Normal   empty
Apr 30 18:02:44 centos8 kernel:  Device   empty
Apr 30 18:02:44 centos8 kernel: Movable zone start for each node
Apr 30 18:02:44 centos8 kernel: Early memory node ranges
Apr 30 18:02:44 centos8 kernel:  node   0: [mem 0x0000000000001000-0x000000000009efff]
Apr 30 18:02:44 centos8 kernel:  node   0: [mem 0x0000000000100000-0x000000007e7effff]
Apr 30 18:02:44 centos8 kernel: Zeroed struct page in unavailable ranges: 98 pages
Apr 30 18:02:44 centos8 kernel: Initmem setup node 0 [mem 0x0000000000001000-0x000000007e7effff]
Apr 30 18:02:44 centos8 kernel: ACPI: PM-Timer IO Port: 0x4008
Apr 30 18:02:44 centos8 kernel: IOAPIC[0]: apic_id 1, version 32, address 0xfec00000, GSI 0-23
Apr 30 18:02:44 centos8 kernel: ACPI: INT_SRC_OVR (bus 0 bus_irq 0 global_irq 2 dfl dfl)
Apr 30 18:02:44 centos8 kernel: ACPI: INT_SRC_OVR (bus 0 bus_irq 9 global_irq 9 low level)
Apr 30 18:02:44 centos8 kernel: Using ACPI (MADT) for SMP configuration information
Apr 30 18:02:44 centos8 kernel: smpboot: Allowing 1 CPUs, 0 hotplug CPUs
Apr 30 18:02:44 centos8 kernel: PM: Registered nosave memory: [mem 0x00000000-0x00000fff]
Apr 30 18:02:44 centos8 kernel: PM: Registered nosave memory: [mem 0x0009f000-0x0009ffff]
Apr 30 18:02:44 centos8 kernel: PM: Registered nosave memory: [mem 0x000a0000-0x000effff]
Apr 30 18:02:44 centos8 kernel: PM: Registered nosave memory: [mem 0x000f0000-0x000fffff]
Apr 30 18:02:44 centos8 kernel: [mem 0x7e800000-0xfebfffff] available for PCI devices
Apr 30 18:02:44 centos8 kernel: Booting paravirtualized kernel on KVM
Apr 30 18:02:44 centos8 kernel: clocksource: refined-jiffies: mask: 0xffffffff max_cycles: 0xffffffff, max_idle_ns: 1910969940391419 ns
Apr 30 18:02:44 centos8 kernel: setup_percpu: NR_CPUS:8192 nr_cpumask_bits:1 nr_cpu_ids:1 nr_node_ids:1
Apr 30 18:02:44 centos8 kernel: percpu: Embedded 47 pages/cpu s155648 r8192 d28672 u2097152
Apr 30 18:02:44 centos8 kernel: Built 1 zonelists, mobility grouping on.  Total pages: 509913
Apr 30 18:02:44 centos8 kernel: Policy zone: DMA32
Apr 30 18:02:44 centos8 kernel: Kernel command line: BOOT_IMAGE=(hd0,msdos1)/vmlinuz-4.18.0-147.8.1.el8_1.x86_64 root=/dev/mapper/cl_centos8-root ro crashkernel=auto resume=/dev/mapper/cl_centos8-swap rd.lvm.lv=cl_centos8/root rd.lvm.lv=cl_centos8/swap rhgb quiet
Apr 30 18:02:44 centos8 kernel: Specific versions of hardware are certified with Red Hat Enterprise Linux 8. Please see the list of hardware certified with Red Hat Enterprise Linux 8 at https://access.redhat.com/ecosystem.
Apr 30 18:02:44 centos8 kernel: Memory: 261668K/2072120K available (12292K kernel code, 2118K rwdata, 3780K rodata, 2368K init, 6348K bss, 258508K reserved, 0K cma-reserved)
Apr 30 18:02:44 centos8 kernel: SLUB: HWalign=64, Order=0-3, MinObjects=0, CPUs=1, Nodes=1
Apr 30 18:02:44 centos8 kernel: Kernel/User page tables isolation: enabled
Apr 30 18:02:44 centos8 kernel: ftrace: allocating 35731 entries in 140 pages
Apr 30 18:02:44 centos8 kernel: rcu: Hierarchical RCU implementation.
Apr 30 18:02:44 centos8 kernel: rcu: #011RCU restricting CPUs from NR_CPUS=8192 to nr_cpu_ids=1.
Apr 30 18:02:44 centos8 kernel: rcu: RCU calculated value of scheduler-enlistment delay is 100 jiffies.
Apr 30 18:02:44 centos8 kernel: rcu: Adjusting geometry for rcu_fanout_leaf=16, nr_cpu_ids=1
Apr 30 18:02:44 centos8 kernel: NR_IRQS: 524544, nr_irqs: 256, preallocated irqs: 16
Apr 30 18:02:44 centos8 kernel: random: get_random_bytes called from start_kernel+0x36b/0x55b with crng_init=0
Apr 30 18:02:44 centos8 kernel: Console: colour VGA+ 80x25
Apr 30 18:02:44 centos8 kernel: console [tty0] enabled
Apr 30 18:02:44 centos8 kernel: ACPI: Core revision 20180531
Apr 30 18:02:44 centos8 kernel: APIC: Switch to symmetric I/O mode setup
Apr 30 18:02:44 centos8 kernel: x2apic enabled
Apr 30 18:02:44 centos8 kernel: Switched APIC routing to physical x2apic.
Apr 30 18:02:44 centos8 kernel: ..TIMER: vector=0x30 apic1=0 pin1=2 apic2=-1 pin2=-1
Apr 30 18:02:44 centos8 kernel: tsc: Detected 3497.972 MHz processor
Apr 30 18:02:44 centos8 kernel: clocksource: tsc-early: mask: 0xffffffffffffffff max_cycles: 0x326bd592a83, max_idle_ns: 440795311901 ns
Apr 30 18:02:44 centos8 kernel: Calibrating delay loop (skipped) preset value.. 6995.94 BogoMIPS (lpj=3497972)
Apr 30 18:02:44 centos8 kernel: pid_max: default: 32768 minimum: 301
Apr 30 18:02:44 centos8 kernel: Security Framework initialized
Apr 30 18:02:44 centos8 kernel: Yama: becoming mindful.
Apr 30 18:02:44 centos8 kernel: SELinux:  Initializing.
Apr 30 18:02:44 centos8 kernel: Dentry cache hash table entries: 262144 (order: 9, 2097152 bytes)
Apr 30 18:02:44 centos8 kernel: Inode-cache hash table entries: 131072 (order: 8, 1048576 bytes)
Apr 30 18:02:44 centos8 kernel: Mount-cache hash table entries: 4096 (order: 3, 32768 bytes)
Apr 30 18:02:44 centos8 kernel: Mountpoint-cache hash table entries: 4096 (order: 3, 32768 bytes)
Apr 30 18:02:44 centos8 kernel: process: using mwait in idle threads
Apr 30 18:02:44 centos8 kernel: Last level iTLB entries: 4KB 1024, 2MB 1024, 4MB 1024
Apr 30 18:02:44 centos8 kernel: Last level dTLB entries: 4KB 1024, 2MB 1024, 4MB 1024, 1GB 4
Apr 30 18:02:44 centos8 kernel: FEATURE SPEC_CTRL Not Present
Apr 30 18:02:44 centos8 kernel: FEATURE IBPB_SUPPORT Not Present
Apr 30 18:02:44 centos8 kernel: Spectre V1 : Mitigation: usercopy/swapgs barriers and __user pointer sanitization
Apr 30 18:02:44 centos8 kernel: Spectre V2 : Mitigation: Full generic retpoline
Apr 30 18:02:44 centos8 kernel: Spectre V2 : Spectre v2 / SpectreRSB mitigation: Filling RSB on context switch
Apr 30 18:02:44 centos8 kernel: Speculative Store Bypass: Vulnerable
Apr 30 18:02:44 centos8 kernel: MDS: Vulnerable: Clear CPU buffers attempted, no microcode
Apr 30 18:02:44 centos8 kernel: Freeing SMP alternatives memory: 32K
Apr 30 18:02:44 centos8 kernel: smpboot: CPU0: Intel(R) Core(TM) i5-4690K CPU @ 3.50GHz (family: 0x6, model: 0x3c, stepping: 0x3)
Apr 30 18:02:44 centos8 kernel: Performance Events: unsupported p6 CPU model 60 no PMU driver, software events only.
Apr 30 18:02:44 centos8 kernel: rcu: Hierarchical SRCU implementation.
Apr 30 18:02:44 centos8 kernel: NMI watchdog: Perf event create on CPU 0 failed with -2
Apr 30 18:02:44 centos8 kernel: NMI watchdog: Perf NMI watchdog permanently disabled
Apr 30 18:02:44 centos8 kernel: smp: Bringing up secondary CPUs ...
Apr 30 18:02:44 centos8 kernel: smp: Brought up 1 node, 1 CPU
Apr 30 18:02:44 centos8 kernel: smpboot: Max logical packages: 1
Apr 30 18:02:44 centos8 kernel: smpboot: Total of 1 processors activated (6995.94 BogoMIPS)
Apr 30 18:02:44 centos8 kernel: node 0 initialised, 387986 pages in 1ms
Apr 30 18:02:44 centos8 kernel: devtmpfs: initialized
Apr 30 18:02:44 centos8 kernel: x86/mm: Memory block size: 128MB
Apr 30 18:02:44 centos8 kernel: clocksource: jiffies: mask: 0xffffffff max_cycles: 0xffffffff, max_idle_ns: 1911260446275000 ns
Apr 30 18:02:44 centos8 kernel: futex hash table entries: 256 (order: 2, 16384 bytes)
Apr 30 18:02:44 centos8 kernel: pinctrl core: initialized pinctrl subsystem
Apr 30 18:02:44 centos8 kernel: NET: Registered protocol family 16
Apr 30 18:02:44 centos8 kernel: audit: initializing netlink subsys (disabled)
Apr 30 18:02:44 centos8 kernel: cpuidle: using governor menu
Apr 30 18:02:44 centos8 kernel: ACPI: bus type PCI registered
Apr 30 18:02:44 centos8 kernel: acpiphp: ACPI Hot Plug PCI Controller Driver version: 0.5
Apr 30 18:02:44 centos8 kernel: PCI: Using configuration type 1 for base access
Apr 30 18:02:44 centos8 kernel: audit: type=2000 audit(1588258972.343:1): state=initialized audit_enabled=0 res=1
Apr 30 18:02:44 centos8 kernel: HugeTLB registered 2.00 MiB page size, pre-allocated 0 pages
Apr 30 18:02:44 centos8 kernel: cryptd: max_cpu_qlen set to 1000
Apr 30 18:02:44 centos8 kernel: ACPI: Added _OSI(Module Device)
Apr 30 18:02:44 centos8 kernel: ACPI: Added _OSI(Processor Device)
Apr 30 18:02:44 centos8 kernel: ACPI: Added _OSI(3.0 _SCP Extensions)
Apr 30 18:02:44 centos8 kernel: ACPI: Added _OSI(Processor Aggregator Device)
Apr 30 18:02:44 centos8 kernel: ACPI: Added _OSI(Linux-Dell-Video)
Apr 30 18:02:44 centos8 kernel: ACPI: 2 ACPI AML tables successfully acquired and loaded
Apr 30 18:02:44 centos8 kernel: ACPI: Interpreter enabled
Apr 30 18:02:44 centos8 kernel: ACPI: (supports S0 S5)
Apr 30 18:02:44 centos8 kernel: ACPI: Using IOAPIC for interrupt routing
Apr 30 18:02:44 centos8 kernel: PCI: Using host bridge windows from ACPI; if necessary, use "pci=nocrs" and report a bug
Apr 30 18:02:44 centos8 kernel: ACPI: Enabled 2 GPEs in block 00 to 07
Apr 30 18:02:44 centos8 kernel: ACPI: PCI Root Bridge [PCI0] (domain 0000 [bus 00-ff])
Apr 30 18:02:44 centos8 kernel: acpi PNP0A03:00: _OSC: OS supports [ASPM ClockPM Segments MSI]
Apr 30 18:02:44 centos8 kernel: acpi PNP0A03:00: _OSC: not requesting OS control; OS requires [ExtendedConfig ASPM ClockPM MSI]
Apr 30 18:02:44 centos8 kernel: acpi PNP0A03:00: fail to add MMCONFIG information, can't access extended PCI configuration space under this bridge.
Apr 30 18:02:44 centos8 kernel: PCI host bridge to bus 0000:00
Apr 30 18:02:44 centos8 kernel: pci_bus 0000:00: root bus resource [io  0x0000-0x0cf7 window]
Apr 30 18:02:44 centos8 kernel: pci_bus 0000:00: root bus resource [io  0x0d00-0xffff window]
Apr 30 18:02:44 centos8 kernel: pci_bus 0000:00: root bus resource [mem 0x000a0000-0x000bffff window]
Apr 30 18:02:44 centos8 kernel: pci_bus 0000:00: root bus resource [mem 0x7e800000-0xfdffffff window]
Apr 30 18:02:44 centos8 kernel: pci_bus 0000:00: root bus resource [bus 00-ff]
Apr 30 18:02:44 centos8 kernel: pci 0000:00:01.1: legacy IDE quirk: reg 0x10: [io  0x01f0-0x01f7]
Apr 30 18:02:44 centos8 kernel: pci 0000:00:01.1: legacy IDE quirk: reg 0x14: [io  0x03f6]
Apr 30 18:02:44 centos8 kernel: pci 0000:00:01.1: legacy IDE quirk: reg 0x18: [io  0x0170-0x0177]
Apr 30 18:02:44 centos8 kernel: pci 0000:00:01.1: legacy IDE quirk: reg 0x1c: [io  0x0376]
Apr 30 18:02:44 centos8 kernel: pci 0000:00:07.0: quirk: [io  0x4000-0x403f] claimed by PIIX4 ACPI
Apr 30 18:02:44 centos8 kernel: pci 0000:00:07.0: quirk: [io  0x4100-0x410f] claimed by PIIX4 SMB
Apr 30 18:02:44 centos8 kernel: ACPI: PCI Interrupt Link [LNKA] (IRQs 5 9 10 *11)
Apr 30 18:02:44 centos8 kernel: ACPI: PCI Interrupt Link [LNKB] (IRQs 5 9 *10 11)
Apr 30 18:02:44 centos8 kernel: ACPI: PCI Interrupt Link [LNKC] (IRQs 5 *9 10 11)
Apr 30 18:02:44 centos8 kernel: ACPI: PCI Interrupt Link [LNKD] (IRQs 5 9 10 *11)
Apr 30 18:02:44 centos8 kernel: pci 0000:00:02.0: vgaarb: setting as boot VGA device
Apr 30 18:02:44 centos8 kernel: pci 0000:00:02.0: vgaarb: VGA device added: decodes=io+mem,owns=io+mem,locks=none
Apr 30 18:02:44 centos8 kernel: pci 0000:00:02.0: vgaarb: bridge control possible
Apr 30 18:02:44 centos8 kernel: vgaarb: loaded
Apr 30 18:02:44 centos8 kernel: SCSI subsystem initialized
Apr 30 18:02:44 centos8 kernel: ACPI: bus type USB registered
Apr 30 18:02:44 centos8 kernel: usbcore: registered new interface driver usbfs
Apr 30 18:02:44 centos8 kernel: usbcore: registered new interface driver hub
Apr 30 18:02:44 centos8 kernel: usbcore: registered new device driver usb
Apr 30 18:02:44 centos8 kernel: pps_core: LinuxPPS API ver. 1 registered
Apr 30 18:02:44 centos8 kernel: pps_core: Software ver. 5.3.6 - Copyright 2005-2007 Rodolfo Giometti <giometti@linux.it>
Apr 30 18:02:44 centos8 kernel: PTP clock support registered
Apr 30 18:02:44 centos8 kernel: EDAC MC: Ver: 3.0.0
Apr 30 18:02:44 centos8 kernel: PCI: Using ACPI for IRQ routing
Apr 30 18:02:44 centos8 kernel: NetLabel: Initializing
Apr 30 18:02:44 centos8 kernel: NetLabel:  domain hash size = 128
Apr 30 18:02:44 centos8 kernel: NetLabel:  protocols = UNLABELED CIPSOv4 CALIPSO
Apr 30 18:02:44 centos8 kernel: NetLabel:  unlabeled traffic allowed by default
Apr 30 18:02:44 centos8 kernel: clocksource: Switched to clocksource kvm-clock
Apr 30 18:02:44 centos8 kernel: VFS: Disk quotas dquot_6.6.0
Apr 30 18:02:44 centos8 kernel: VFS: Dquot-cache hash table entries: 512 (order 0, 4096 bytes)
Apr 30 18:02:44 centos8 kernel: pnp: PnP ACPI init
Apr 30 18:02:44 centos8 kernel: pnp: PnP ACPI: found 2 devices
Apr 30 18:02:44 centos8 kernel: clocksource: acpi_pm: mask: 0xffffff max_cycles: 0xffffff, max_idle_ns: 2085701024 ns
Apr 30 18:02:44 centos8 kernel: NET: Registered protocol family 2
Apr 30 18:02:44 centos8 kernel: tcp_listen_portaddr_hash hash table entries: 1024 (order: 2, 16384 bytes)
Apr 30 18:02:44 centos8 kernel: TCP established hash table entries: 16384 (order: 5, 131072 bytes)
Apr 30 18:02:44 centos8 kernel: TCP bind hash table entries: 16384 (order: 6, 262144 bytes)
Apr 30 18:02:44 centos8 kernel: TCP: Hash tables configured (established 16384 bind 16384)
Apr 30 18:02:44 centos8 kernel: UDP hash table entries: 1024 (order: 3, 32768 bytes)
Apr 30 18:02:44 centos8 kernel: UDP-Lite hash table entries: 1024 (order: 3, 32768 bytes)
Apr 30 18:02:44 centos8 kernel: NET: Registered protocol family 1
Apr 30 18:02:44 centos8 kernel: NET: Registered protocol family 44
Apr 30 18:02:44 centos8 kernel: pci 0000:00:00.0: Limiting direct PCI/PCI transfers
Apr 30 18:02:44 centos8 kernel: pci 0000:00:01.0: Activating ISA DMA hang workarounds
Apr 30 18:02:44 centos8 kernel: pci 0000:00:02.0: Video device with shadowed ROM at [mem 0x000c0000-0x000dffff]
Apr 30 18:02:44 centos8 kernel: Unpacking initramfs...
Apr 30 18:02:44 centos8 kernel: Freeing initrd memory: 28588K
Apr 30 18:02:44 centos8 kernel: clocksource: tsc: mask: 0xffffffffffffffff max_cycles: 0x326bd592a83, max_idle_ns: 440795311901 ns
Apr 30 18:02:44 centos8 kernel: clocksource: Switched to clocksource tsc
Apr 30 18:02:44 centos8 kernel: platform rtc_cmos: registered platform RTC device (no PNP device found)
Apr 30 18:02:44 centos8 kernel: Initialise system trusted keyrings
Apr 30 18:02:44 centos8 kernel: Key type blacklist registered
Apr 30 18:02:44 centos8 kernel: workingset: timestamp_bits=36 max_order=19 bucket_order=0
Apr 30 18:02:44 centos8 kernel: zbud: loaded
Apr 30 18:02:44 centos8 kernel: pstore: using deflate compression
Apr 30 18:02:44 centos8 kernel: Platform Keyring initialized
Apr 30 18:02:44 centos8 kernel: NET: Registered protocol family 38
Apr 30 18:02:44 centos8 kernel: Key type asymmetric registered
Apr 30 18:02:44 centos8 kernel: Asymmetric key parser 'x509' registered
Apr 30 18:02:44 centos8 kernel: Block layer SCSI generic (bsg) driver version 0.4 loaded (major 245)
Apr 30 18:02:44 centos8 kernel: io scheduler mq-deadline registered
Apr 30 18:02:44 centos8 kernel: io scheduler kyber registered
Apr 30 18:02:44 centos8 kernel: io scheduler bfq registered
Apr 30 18:02:44 centos8 kernel: atomic64_test: passed for x86-64 platform with CX8 and with SSE
Apr 30 18:02:44 centos8 kernel: shpchp: Standard Hot Plug PCI Controller Driver version: 0.4
Apr 30 18:02:44 centos8 kernel: ACPI: AC Adapter [AC] (on-line)
Apr 30 18:02:44 centos8 kernel: input: Power Button as /devices/LNXSYSTM:00/LNXPWRBN:00/input/input0
Apr 30 18:02:44 centos8 kernel: ACPI: Power Button [PWRF]
Apr 30 18:02:44 centos8 kernel: input: Sleep Button as /devices/LNXSYSTM:00/LNXSLPBN:00/input/input1
Apr 30 18:02:44 centos8 kernel: ACPI: Sleep Button [SLPF]
Apr 30 18:02:44 centos8 kernel: Serial: 8250/16550 driver, 4 ports, IRQ sharing enabled
Apr 30 18:02:44 centos8 kernel: Non-volatile memory driver v1.3
Apr 30 18:02:44 centos8 kernel: rdac: device handler registered
Apr 30 18:02:44 centos8 kernel: hp_sw: device handler registered
Apr 30 18:02:44 centos8 kernel: emc: device handler registered
Apr 30 18:02:44 centos8 kernel: alua: device handler registered
Apr 30 18:02:44 centos8 kernel: libphy: Fixed MDIO Bus: probed
Apr 30 18:02:44 centos8 kernel: ehci_hcd: USB 2.0 'Enhanced' Host Controller (EHCI) Driver
Apr 30 18:02:44 centos8 kernel: ehci-pci: EHCI PCI platform driver
Apr 30 18:02:44 centos8 kernel: ehci-pci 0000:00:0b.0: EHCI Host Controller
Apr 30 18:02:44 centos8 kernel: ehci-pci 0000:00:0b.0: new USB bus registered, assigned bus number 1
Apr 30 18:02:44 centos8 kernel: ehci-pci 0000:00:0b.0: irq 19, io mem 0xf1805000
Apr 30 18:02:44 centos8 kernel: ehci-pci 0000:00:0b.0: USB 2.0 started, EHCI 1.00
Apr 30 18:02:44 centos8 kernel: usb usb1: New USB device found, idVendor=1d6b, idProduct=0002, bcdDevice= 4.18
Apr 30 18:02:44 centos8 kernel: usb usb1: New USB device strings: Mfr=3, Product=2, SerialNumber=1
Apr 30 18:02:44 centos8 kernel: usb usb1: Product: EHCI Host Controller
Apr 30 18:02:44 centos8 kernel: usb usb1: Manufacturer: Linux 4.18.0-147.8.1.el8_1.x86_64 ehci_hcd
Apr 30 18:02:44 centos8 kernel: usb usb1: SerialNumber: 0000:00:0b.0
Apr 30 18:02:44 centos8 kernel: hub 1-0:1.0: USB hub found
Apr 30 18:02:44 centos8 kernel: hub 1-0:1.0: 12 ports detected
Apr 30 18:02:44 centos8 kernel: ohci_hcd: USB 1.1 'Open' Host Controller (OHCI) Driver
Apr 30 18:02:44 centos8 kernel: ohci-pci: OHCI PCI platform driver
Apr 30 18:02:44 centos8 kernel: ohci-pci 0000:00:06.0: OHCI PCI host controller
Apr 30 18:02:44 centos8 kernel: ohci-pci 0000:00:06.0: new USB bus registered, assigned bus number 2
Apr 30 18:02:44 centos8 kernel: ohci-pci 0000:00:06.0: irq 22, io mem 0xf1804000
Apr 30 18:02:44 centos8 kernel: usb usb2: New USB device found, idVendor=1d6b, idProduct=0001, bcdDevice= 4.18
Apr 30 18:02:44 centos8 kernel: usb usb2: New USB device strings: Mfr=3, Product=2, SerialNumber=1
Apr 30 18:02:44 centos8 kernel: usb usb2: Product: OHCI PCI host controller
Apr 30 18:02:44 centos8 kernel: usb usb2: Manufacturer: Linux 4.18.0-147.8.1.el8_1.x86_64 ohci_hcd
Apr 30 18:02:44 centos8 kernel: usb usb2: SerialNumber: 0000:00:06.0
Apr 30 18:02:44 centos8 kernel: hub 2-0:1.0: USB hub found
Apr 30 18:02:44 centos8 kernel: hub 2-0:1.0: 12 ports detected
Apr 30 18:02:44 centos8 kernel: uhci_hcd: USB Universal Host Controller Interface driver
Apr 30 18:02:44 centos8 kernel: usbcore: registered new interface driver usbserial_generic
Apr 30 18:02:44 centos8 kernel: usbserial: USB Serial support registered for generic
Apr 30 18:02:44 centos8 kernel: i8042: PNP: PS/2 Controller [PNP0303:PS2K,PNP0f03:PS2M] at 0x60,0x64 irq 1,12
Apr 30 18:02:44 centos8 kernel: serio: i8042 KBD port at 0x60,0x64 irq 1
Apr 30 18:02:44 centos8 kernel: serio: i8042 AUX port at 0x60,0x64 irq 12
Apr 30 18:02:44 centos8 kernel: mousedev: PS/2 mouse device common for all mice
Apr 30 18:02:44 centos8 kernel: input: AT Translated Set 2 keyboard as /devices/platform/i8042/serio0/input/input2
Apr 30 18:02:44 centos8 kernel: rtc_cmos rtc_cmos: registered as rtc0
Apr 30 18:02:44 centos8 kernel: rtc_cmos rtc_cmos: alarms up to one day, 114 bytes nvram
Apr 30 18:02:44 centos8 kernel: hidraw: raw HID events driver (C) Jiri Kosina
Apr 30 18:02:44 centos8 kernel: usbcore: registered new interface driver usbhid
Apr 30 18:02:44 centos8 kernel: usbhid: USB HID core driver
Apr 30 18:02:44 centos8 kernel: drop_monitor: Initializing network drop monitor service
Apr 30 18:02:44 centos8 kernel: Initializing XFRM netlink socket
Apr 30 18:02:44 centos8 kernel: NET: Registered protocol family 10
Apr 30 18:02:44 centos8 kernel: Segment Routing with IPv6
Apr 30 18:02:44 centos8 kernel: NET: Registered protocol family 17
Apr 30 18:02:44 centos8 kernel: mpls_gso: MPLS GSO support
Apr 30 18:02:44 centos8 kernel: core: Using 0 MCE banks
Apr 30 18:02:44 centos8 kernel: AVX2 version of gcm_enc/dec engaged.
Apr 30 18:02:44 centos8 kernel: AES CTR mode by8 optimization enabled
Apr 30 18:02:44 centos8 kernel: sched_clock: Marking stable (1445168152, 0)->(2326410773, -881242621)
Apr 30 18:02:44 centos8 kernel: registered taskstats version 1
Apr 30 18:02:44 centos8 kernel: Loading compiled-in X.509 certificates
Apr 30 18:02:44 centos8 kernel: Loaded X.509 cert 'CentOS Linux kernel signing key: fe454f8213ebfc41c8be4b4305d614b216a92a7e'
Apr 30 18:02:44 centos8 kernel: Loaded X.509 cert 'CentOS Linux Driver update signing key: 29bd4c0d06d2e9911044b5dc973309139b51d6d5'
Apr 30 18:02:44 centos8 kernel: Loaded X.509 cert 'CentOS Linux kpatch signing key: b49f086205909dc4da2cfa99376fb191d2f09e78'
Apr 30 18:02:44 centos8 kernel: zswap: loaded using pool lzo/zbud
Apr 30 18:02:44 centos8 kernel: Key type big_key registered
Apr 30 18:02:44 centos8 kernel: Key type encrypted registered
Apr 30 18:02:44 centos8 kernel: ima: No TPM chip found, activating TPM-bypass!
Apr 30 18:02:44 centos8 kernel: ima: Allocated hash algorithm: sha1
Apr 30 18:02:44 centos8 kernel: evm: Initialising EVM extended attributes:
Apr 30 18:02:44 centos8 kernel: evm: security.selinux
Apr 30 18:02:44 centos8 kernel: evm: security.ima
Apr 30 18:02:44 centos8 kernel: evm: security.capability
Apr 30 18:02:44 centos8 kernel: evm: HMAC attrs: 0x1
Apr 30 18:02:44 centos8 kernel: rtc_cmos rtc_cmos: setting system clock to 2020-04-30 15:02:41 UTC (1588258961)
Apr 30 18:02:44 centos8 kernel: random: fast init done
Apr 30 18:02:44 centos8 kernel: input: ImExPS/2 Generic Explorer Mouse as /devices/platform/i8042/serio1/input/input4
Apr 30 18:02:44 centos8 kernel: Freeing unused decrypted memory: 2040K
Apr 30 18:02:44 centos8 kernel: Freeing unused kernel memory: 2368K
Apr 30 18:02:44 centos8 kernel: Write protecting the kernel read-only data: 18432k
Apr 30 18:02:44 centos8 kernel: Freeing unused kernel memory: 2020K
Apr 30 18:02:44 centos8 kernel: Freeing unused kernel memory: 316K
Apr 30 18:02:44 centos8 systemd[1]: systemd 239 running in system mode. (+PAM +AUDIT +SELINUX +IMA -APPARMOR +SMACK +SYSVINIT +UTMP +LIBCRYPTSETUP +GCRYPT +GNUTLS +ACL +XZ +LZ4 +SECCOMP +BLKID +ELFUTILS +KMOD +IDN2 -IDN +PCRE2 default-hierarchy=legacy)
Apr 30 18:02:44 centos8 systemd[1]: Detected virtualization oracle.
Apr 30 18:02:44 centos8 systemd[1]: Detected architecture x86-64.
Apr 30 18:02:44 centos8 systemd[1]: Running in initial RAM disk.
Apr 30 18:02:44 centos8 systemd[1]: Set hostname to <centos8.lan>.
Apr 30 18:02:44 centos8 kernel: random: systemd: uninitialized urandom read (16 bytes read)
Apr 30 18:02:44 centos8 systemd[1]: Listening on udev Control Socket.
Apr 30 18:02:44 centos8 kernel: random: systemd: uninitialized urandom read (16 bytes read)
Apr 30 18:02:44 centos8 systemd[1]: Reached target Swap.
Apr 30 18:02:44 centos8 kernel: random: systemd: uninitialized urandom read (16 bytes read)
Apr 30 18:02:44 centos8 systemd[1]: Reached target Timers.
Apr 30 18:02:44 centos8 systemd[1]: Listening on udev Kernel Socket.
Apr 30 18:02:44 centos8 systemd[1]: Reached target Slices.
Apr 30 18:02:44 centos8 kernel: device-mapper: uevent: version 1.0.3
Apr 30 18:02:44 centos8 kernel: device-mapper: ioctl: 4.39.0-ioctl (2018-04-03) initialised: dm-devel@redhat.com
Apr 30 18:02:44 centos8 systemd-journald[260]: Journal started
Apr 30 18:02:44 centos8 systemd-journald[260]: Runtime journal (/run/log/journal/7c8a019529514796b04346cb886f2349) is 8.0M, max 90.2M, 82.2M free.
Apr 30 18:02:44 centos8 rngd[256]: Initalizing available sources
Apr 30 18:02:44 centos8 rngd[256]: Failed to init entropy source hwrng
Apr 30 18:02:44 centos8 rngd[256]: Enabling RDRAND rng support
Apr 30 18:02:44 centos8 rngd[256]: Initalizing entropy source rdrand
Apr 30 18:02:44 centos8 dracut-cmdline[272]: dracut-8 (Core) dracut-049-27.git20190906.el8_1.1
Apr 30 18:02:44 centos8 dracut-cmdline[272]: Using kernel command line parameters: BOOT_IMAGE=(hd0,msdos1)/vmlinuz-4.18.0-147.8.1.el8_1.x86_64 root=/dev/mapper/cl_centos8-root ro crashkernel=auto resume=/dev/mapper/cl_centos8-swap rd.lvm.lv=cl_centos8/root rd.lvm.lv=cl_centos8/swap rhgb quiet
Apr 30 18:02:46 centos8 systemd[1]: Reached target Paths.
Apr 30 18:02:46 centos8 systemd[1]: Started Forward Password Requests to Plymouth Directory Watch.
Apr 30 18:02:46 centos8 kernel: scsi host0: ata_piix
Apr 30 18:02:46 centos8 kernel: scsi host1: ata_piix
Apr 30 18:02:46 centos8 kernel: ata1: PATA max UDMA/33 cmd 0x1f0 ctl 0x3f6 bmdma 0xd000 irq 14
Apr 30 18:02:46 centos8 kernel: ata2: PATA max UDMA/33 cmd 0x170 ctl 0x376 bmdma 0xd008 irq 15
Apr 30 18:02:46 centos8 kernel: ahci 0000:00:0d.0: SSS flag set, parallel bus scan disabled
Apr 30 18:02:46 centos8 kernel: ahci 0000:00:0d.0: AHCI 0001.0100 32 slots 1 ports 3 Gbps 0x1 impl SATA mode
Apr 30 18:02:46 centos8 kernel: ahci 0000:00:0d.0: flags: 64bit ncq stag only ccc 
Apr 30 18:02:46 centos8 kernel: scsi host2: ahci
Apr 30 18:02:46 centos8 kernel: ata3: SATA max UDMA/133 abar m8192@0xf1806000 port 0xf1806100 irq 21
Apr 30 18:02:46 centos8 systemd-udevd[420]: link_config: autonegotiation is unset or enabled, the speed and duplex are not writable.
Apr 30 18:02:46 centos8 kernel: ata2.00: ATAPI: VBOX CD-ROM, 1.0, max UDMA/133
Apr 30 18:02:46 centos8 kernel: scsi 1:0:0:0: CD-ROM            VBOX     CD-ROM           1.0  PQ: 0 ANSI: 5
Apr 30 18:02:46 centos8 kernel: ata3: SATA link up 3.0 Gbps (SStatus 123 SControl 300)
Apr 30 18:02:46 centos8 kernel: ata3.00: ATA-6: VBOX HARDDISK, 1.0, max UDMA/133
Apr 30 18:02:46 centos8 kernel: ata3.00: 43348131 sectors, multi 128: LBA48 NCQ (depth 32)
Apr 30 18:02:46 centos8 kernel: ata3.00: configured for UDMA/133
Apr 30 18:02:46 centos8 kernel: scsi 2:0:0:0: Direct-Access     ATA      VBOX HARDDISK    1.0  PQ: 0 ANSI: 5
Apr 30 18:02:46 centos8 systemd-udevd[421]: Process '/sbin/modprobe -bv sg' failed with exit code 1.
Apr 30 18:02:46 centos8 systemd-udevd[418]: Process '/sbin/modprobe -bv sg' failed with exit code 1.
Apr 30 18:02:46 centos8 systemd-udevd[421]: Process '/sbin/modprobe -bv sg' failed with exit code 1.
Apr 30 18:02:46 centos8 systemd-udevd[418]: Process '/sbin/modprobe -bv sg' failed with exit code 1.
Apr 30 18:02:46 centos8 kernel: sd 2:0:0:0: [sda] 43348131 512-byte logical blocks: (22.2 GB/20.7 GiB)
Apr 30 18:02:46 centos8 kernel: sd 2:0:0:0: [sda] Write Protect is off
Apr 30 18:02:46 centos8 kernel: sd 2:0:0:0: [sda] Write cache: enabled, read cache: enabled, doesn't support DPO or FUA
Apr 30 18:02:46 centos8 kernel: sda: sda1 sda2
Apr 30 18:02:46 centos8 kernel: sd 2:0:0:0: [sda] Attached SCSI disk
Apr 30 18:02:46 centos8 kernel: sr 1:0:0:0: [sr0] scsi3-mmc drive: 32x/32x xa/form2 tray
Apr 30 18:02:46 centos8 kernel: cdrom: Uniform CD-ROM driver Revision: 3.20
Apr 30 18:02:46 centos8 systemd-udevd[418]: Process '/sbin/modprobe -bv sg' failed with exit code 1.
Apr 30 18:02:46 centos8 kernel: [drm] DMA map mode: Caching DMA mappings.
Apr 30 18:02:46 centos8 kernel: [drm] Capabilities:
Apr 30 18:02:46 centos8 kernel: [drm]   Cursor.
Apr 30 18:02:46 centos8 kernel: [drm]   Cursor bypass 2.
Apr 30 18:02:46 centos8 kernel: [drm]   Alpha cursor.
Apr 30 18:02:46 centos8 kernel: [drm]   3D.
Apr 30 18:02:46 centos8 kernel: [drm]   Extended Fifo.
Apr 30 18:02:46 centos8 kernel: [drm]   Pitchlock.
Apr 30 18:02:46 centos8 kernel: [drm]   Irq mask.
Apr 30 18:02:46 centos8 kernel: [drm]   GMR.
Apr 30 18:02:46 centos8 kernel: [drm]   Traces.
Apr 30 18:02:46 centos8 kernel: [drm]   GMR2.
Apr 30 18:02:46 centos8 kernel: [drm]   Screen Object 2.
Apr 30 18:02:46 centos8 kernel: [drm] Max GMR ids is 8192
Apr 30 18:02:46 centos8 kernel: [drm] Max number of GMR pages is 1048576
Apr 30 18:02:46 centos8 kernel: [drm] Max dedicated hypervisor surface memory is 507904 kiB
Apr 30 18:02:46 centos8 kernel: [drm] Maximum display memory size is 16384 kiB
Apr 30 18:02:46 centos8 kernel: [drm] VRAM at 0xf0000000 size is 16384 kiB
Apr 30 18:02:46 centos8 kernel: [drm] MMIO at 0xf1000000 size is 2048 kiB
Apr 30 18:02:46 centos8 kernel: [TTM] Zone  kernel: Available graphics memory: 924488 kiB
Apr 30 18:02:46 centos8 kernel: [TTM] Initializing pool allocator
Apr 30 18:02:46 centos8 kernel: [TTM] Initializing DMA pool allocator
Apr 30 18:02:46 centos8 kernel: [drm] Supports vblank timestamp caching Rev 2 (21.10.2013).
Apr 30 18:02:46 centos8 kernel: [drm] No driver support for vblank timestamp query.
Apr 30 18:02:46 centos8 kernel: [drm] Screen Objects Display Unit initialized
Apr 30 18:02:46 centos8 kernel: [drm] width 720
Apr 30 18:02:46 centos8 kernel: [drm] height 400
Apr 30 18:02:46 centos8 kernel: [drm] bpp 32
Apr 30 18:02:46 centos8 kernel: [drm] Fifo max 0x00200000 min 0x00001000 cap 0x00000355
Apr 30 18:02:46 centos8 kernel: [drm] DX: no.
Apr 30 18:02:46 centos8 kernel: [drm] Atomic: yes.
Apr 30 18:02:46 centos8 kernel: [drm] SM4_1: no.
Apr 30 18:02:46 centos8 kernel: [drm:vmw_host_log [vmwgfx]] *ERROR* Failed to send host log message.
Apr 30 18:02:46 centos8 kernel: [drm:vmw_host_log [vmwgfx]] *ERROR* Failed to send host log message.
Apr 30 18:02:46 centos8 systemd-udevd[423]: Process '/sbin/modprobe -bv sg' failed with exit code 1.
Apr 30 18:02:46 centos8 kernel: fbcon: svgadrmfb (fb0) is primary device
Apr 30 18:02:46 centos8 kernel: Console: switching to colour frame buffer device 100x37
Apr 30 18:02:46 centos8 kernel: [drm] Initialized vmwgfx 2.15.0 20180704 for 0000:00:02.0 on minor 0
Apr 30 18:02:48 centos8 systemd[1]: Found device /dev/mapper/cl_centos8-swap.
Apr 30 18:02:48 centos8 systemd[1]: Starting Resume from hibernation using device /dev/mapper/cl_centos8-swap...
Apr 30 18:02:48 centos8 systemd-hibernate-resume[590]: Could not resume from '/dev/mapper/cl_centos8-swap' (253:1).
Apr 30 18:02:48 centos8 systemd[1]: Started Resume from hibernation using device /dev/mapper/cl_centos8-swap.
Apr 30 18:02:48 centos8 systemd[1]: Reached target Local File Systems (Pre).
Apr 30 18:02:48 centos8 systemd[1]: Reached target Local File Systems.
Apr 30 18:02:48 centos8 systemd[1]: Starting Create Volatile Files and Directories...
Apr 30 18:02:48 centos8 systemd[1]: Started dracut initqueue hook.
Apr 30 18:02:48 centos8 systemd[1]: Reached target Remote File Systems (Pre).
Apr 30 18:02:48 centos8 systemd[1]: Reached target Remote File Systems.
Apr 30 18:02:48 centos8 systemd[1]: Starting File System Check on /dev/mapper/cl_centos8-root...
Apr 30 18:02:48 centos8 systemd[1]: Started Create Volatile Files and Directories.
Apr 30 18:02:48 centos8 systemd[1]: Reached target System Initialization.
Apr 30 18:02:48 centos8 systemd[1]: Reached target Basic System.
Apr 30 18:02:48 centos8 systemd-fsck[598]: /usr/sbin/fsck.xfs: XFS file system.
Apr 30 18:02:48 centos8 systemd[1]: Started File System Check on /dev/mapper/cl_centos8-root.
Apr 30 18:02:48 centos8 systemd[1]: Mounting /sysroot...
Apr 30 18:02:48 centos8 kernel: SGI XFS with ACLs, security attributes, no debug enabled
Apr 30 18:02:48 centos8 kernel: XFS (dm-0): Mounting V5 Filesystem
Apr 30 18:02:48 centos8 kernel: XFS (dm-0): Starting recovery (logdev: internal)
Apr 30 18:02:48 centos8 kernel: XFS (dm-0): Ending recovery (logdev: internal)
Apr 30 18:02:48 centos8 systemd[1]: Mounted /sysroot.
Apr 30 18:02:48 centos8 systemd[1]: Reached target Initrd Root File System.
Apr 30 18:02:48 centos8 systemd[1]: Starting Reload Configuration from the Real Root...
Apr 30 18:02:48 centos8 systemd[1]: Reloading.
Apr 30 18:02:56 centos8 systemd-journald[260]: Received SIGTERM from PID 1 (systemd).
Apr 30 18:02:56 centos8 kernel: systemd: 20 output lines suppressed due to ratelimiting
Apr 30 18:02:56 centos8 kernel: audit: type=1404 audit(1588258970.858:2): enforcing=1 old_enforcing=0 auid=4294967295 ses=4294967295 enabled=1 old-enabled=1 lsm=selinux res=1
Apr 30 18:02:56 centos8 kernel: SELinux:  policy capability network_peer_controls=1
Apr 30 18:02:56 centos8 kernel: SELinux:  policy capability open_perms=1
Apr 30 18:02:56 centos8 kernel: SELinux:  policy capability extended_socket_class=1
Apr 30 18:02:56 centos8 kernel: SELinux:  policy capability always_check_network=0
Apr 30 18:02:56 centos8 kernel: SELinux:  policy capability cgroup_seclabel=1
Apr 30 18:02:56 centos8 kernel: SELinux:  policy capability nnp_nosuid_transition=1
Apr 30 18:02:56 centos8 kernel: audit: type=1403 audit(1588258972.113:3): auid=4294967295 ses=4294967295 lsm=selinux res=1
Apr 30 18:02:56 centos8 systemd[1]: Successfully loaded SELinux policy in 1.270434s.
Apr 30 18:02:56 centos8 systemd[1]: Failed to insert module 'ip_tables': Operation not permitted
Apr 30 18:02:56 centos8 systemd[1]: Relabelled /dev, /run and /sys/fs/cgroup in 69.729ms.
Apr 30 18:02:56 centos8 systemd[1]: systemd 239 running in system mode. (+PAM +AUDIT +SELINUX +IMA -APPARMOR +SMACK +SYSVINIT +UTMP +LIBCRYPTSETUP +GCRYPT +GNUTLS +ACL +XZ +LZ4 +SECCOMP +BLKID +ELFUTILS +KMOD +IDN2 -IDN +PCRE2 default-hierarchy=legacy)
Apr 30 18:02:56 centos8 systemd[1]: Detected virtualization oracle.
Apr 30 18:02:56 centos8 systemd[1]: Detected architecture x86-64.
Apr 30 18:02:56 centos8 systemd[1]: Set hostname to <centos8.lan>.
Apr 30 18:02:56 centos8 systemd[1]: Stopped Switch Root.
Apr 30 18:02:56 centos8 systemd[1]: Received SIGRTMIN+20 from PID 431 (plymouthd).
Apr 30 18:02:56 centos8 systemd[1]: systemd-journald.service: Service has no hold-off time (RestartSec=0), scheduling restart.
Apr 30 18:02:56 centos8 systemd[1]: systemd-journald.service: Scheduled restart job, restart counter is at 1.
Apr 30 18:02:56 centos8 systemd[1]: Stopped Journal Service.
Apr 30 18:02:56 centos8 systemd[1]: Starting Journal Service...
Apr 30 18:02:56 centos8 kernel: Adding 2146300k swap on /dev/mapper/cl_centos8-swap.  Priority:-2 extents:1 across:2146300k FS
Apr 30 18:02:56 centos8 systemd-journald[717]: Journal started
Apr 30 18:02:56 centos8 systemd-journald[717]: Runtime journal (/run/log/journal/7c8a019529514796b04346cb886f2349) is 8.0M, max 90.2M, 82.2M free.
Apr 30 18:02:56 centos8 systemd[1]: Starting Flush Journal to Persistent Storage...
Apr 30 18:02:56 centos8 systemd-journald[717]: Runtime journal (/run/log/journal/7c8a019529514796b04346cb886f2349) is 8.0M, max 90.2M, 82.2M free.
Apr 30 18:02:56 centos8 systemd[1]: Started Flush Journal to Persistent Storage.
Apr 30 18:02:58 centos8 lvm[725]:  2 logical volume(s) in volume group "cl_centos8" monitored
Apr 30 18:02:58 centos8 systemd[1]: Started Monitoring of LVM2 mirrors, snapshots etc. using dmeventd or progress polling.
Apr 30 18:02:58 centos8 systemd[1]: Reached target Local File Systems (Pre).
Apr 30 18:02:58 centos8 systemd[1]: Starting File System Check on /dev/disk/by-uuid/33043caf-2e80-4e27-aafe-925759aee464...
Apr 30 18:02:58 centos8 systemd-udevd[763]: link_config: autonegotiation is unset or enabled, the speed and duplex are not writable.
Apr 30 18:02:58 centos8 systemd-udevd[760]: link_config: autonegotiation is unset or enabled, the speed and duplex are not writable.
Apr 30 18:02:58 centos8 lvm[803]:  pvscan[803] PV /dev/sda2 online, VG cl_centos8 is complete.
Apr 30 18:02:58 centos8 lvm[803]:  pvscan[803] VG cl_centos8 run autoactivation.
Apr 30 18:02:58 centos8 lvm[803]:  2 logical volume(s) in volume group "cl_centos8" now active
Apr 30 18:02:58 centos8 systemd[1]: Started LVM event activation on device 8:2.
Apr 30 18:02:58 centos8 systemd-fsck[832]: /dev/sda1: recovering journal
Apr 30 18:02:58 centos8 systemd-fsck[832]: /dev/sda1: clean, 309/65536 files, 47125/262144 blocks
Apr 30 18:02:58 centos8 systemd[1]: Started File System Check on /dev/disk/by-uuid/33043caf-2e80-4e27-aafe-925759aee464.
Apr 30 18:02:58 centos8 systemd[1]: Mounting /boot...
Apr 30 18:03:00 centos8 systemd[1]: Started Create Volatile Files and Directories.
Apr 30 18:03:00 centos8 systemd[1]: Starting Security Auditing Service...
Apr 30 18:03:00 centos8 auditd[884]: No plugins found, not dispatching events
Apr 30 18:03:00 centos8 auditd[884]: Init complete, auditd 3.0 listening for events (startup state enable)
Apr 30 18:03:00 centos8 augenrules[887]: /sbin/augenrules: No change
Apr 30 18:03:00 centos8 augenrules[887]: No rules
Apr 30 18:03:00 centos8 augenrules[887]: enabled 1
Apr 30 18:03:00 centos8 augenrules[887]: failure 1
Apr 30 18:03:00 centos8 augenrules[887]: pid 884
Apr 30 18:03:00 centos8 augenrules[887]: rate_limit 0
Apr 30 18:03:00 centos8 augenrules[887]: backlog_limit 8192
Apr 30 18:03:00 centos8 augenrules[887]: lost 0
Apr 30 18:03:00 centos8 augenrules[887]: backlog 1
Apr 30 18:03:00 centos8 augenrules[887]: backlog_wait_time 60000
Apr 30 18:03:00 centos8 augenrules[887]: enabled 1
Apr 30 18:03:00 centos8 augenrules[887]: failure 1
Apr 30 18:03:00 centos8 augenrules[887]: pid 884
Apr 30 18:03:00 centos8 augenrules[887]: rate_limit 0
Apr 30 18:03:00 centos8 augenrules[887]: backlog_limit 8192
